0 verbose cli /usr/bin/node /usr/bin/npm
1 info using npm@9.2.0
2 info using node@v18.19.1
3 timing npm:load:whichnode Completed in 1ms
4 timing config:load:defaults Completed in 2ms
5 timing config:load:file:/usr/share/nodejs/npm/npmrc Completed in 8ms
6 timing config:load:builtin Completed in 8ms
7 timing config:load:cli Completed in 2ms
8 timing config:load:env Completed in 2ms
9 timing config:load:file:/home/ubuntu/frontend/.npmrc Completed in 0ms
10 timing config:load:project Completed in 2ms
11 timing config:load:file:/home/ubuntu/.npmrc Completed in 1ms
12 timing config:load:user Completed in 1ms
13 timing config:load:file:/etc/npmrc Completed in 1ms
14 timing config:load:global Completed in 1ms
15 timing config:load:setEnvs Completed in 2ms
16 timing config:load Completed in 20ms
17 timing npm:load:configload Completed in 21ms
18 timing npm:load:mkdirpcache Completed in 2ms
19 timing npm:load:mkdirplogs Completed in 0ms
20 verbose title npm uninstall tailwindcss postcss autoprefixer
21 verbose argv "uninstall" "tailwindcss" "postcss" "autoprefixer"
22 timing npm:load:setTitle Completed in 2ms
23 timing config:load:flatten Completed in 8ms
24 timing npm:load:display Completed in 9ms
25 verbose logfile logs-max:10 dir:/home/ubuntu/.npm/_logs/2025-09-11T00_10_12_710Z-
26 verbose logfile /home/ubuntu/.npm/_logs/2025-09-11T00_10_12_710Z-debug-0.log
27 timing npm:load:logFile Completed in 11ms
28 timing npm:load:timers Completed in 0ms
29 timing npm:load:configScope Completed in 0ms
30 timing npm:load Completed in 46ms
31 timing config:load:flatten Completed in 1ms
32 timing arborist:ctor Completed in 2ms
33 silly logfile start cleaning logs, removing 1 files
34 silly logfile done cleaning log files
35 timing idealTree:init Completed in 1206ms
36 timing idealTree:userRequests Completed in 5ms
37 silly idealTree buildDeps
38 timing idealTree:#root Completed in 0ms
39 timing idealTree:node_modules/@tailwindcss/oxide-wasm32-wasi Completed in 0ms
40 timing idealTree:buildDeps Completed in 4ms
41 timing idealTree:fixDepFlags Completed in 20ms
42 warn EBADENGINE Unsupported engine {
42 warn EBADENGINE   package: 'react-router@7.8.2',
42 warn EBADENGINE   required: { node: '>=20.0.0' },
42 warn EBADENGINE   current: { node: 'v18.19.1', npm: '9.2.0' }
42 warn EBADENGINE }
43 warn EBADENGINE Unsupported engine {
43 warn EBADENGINE   package: 'react-router-dom@7.8.2',
43 warn EBADENGINE   required: { node: '>=20.0.0' },
43 warn EBADENGINE   current: { node: 'v18.19.1', npm: '9.2.0' }
43 warn EBADENGINE }
44 timing idealTree Completed in 1284ms
45 timing arborist:ctor Completed in 0ms
46 timing reify:loadTrees Completed in 2282ms
47 timing reify:diffTrees Completed in 28ms
48 silly reify moves {}
49 timing reify:retireShallow Completed in 0ms
50 timing reify:createSparse Completed in 4ms
51 verbose reify failed optional dependency /home/ubuntu/frontend/node_modules/@tailwindcss/oxide-wasm32-wasi
52 silly reify mark deleted [ '/home/ubuntu/frontend/node_modules/@tailwindcss/oxide-wasm32-wasi' ]
53 timing reifyNode:node_modules/@tailwindcss/oxide-wasm32-wasi Completed in 3ms
54 timing arborist:ctor Completed in 0ms
55 timing reify:diffTrees Completed in 22ms
56 timing reify:loadBundles Completed in 31ms
57 silly audit bulk request {
57 silly audit   '@adobe/css-tools': [ '4.4.4' ],
57 silly audit   '@alloc/quick-lru': [ '5.2.0' ],
57 silly audit   '@babel/code-frame': [ '7.27.1' ],
57 silly audit   '@babel/compat-data': [ '7.28.4' ],
57 silly audit   '@babel/core': [ '7.28.4' ],
57 silly audit   semver: [ '6.3.1', '7.7.2' ],
57 silly audit   '@babel/eslint-parser': [ '7.28.4' ],
57 silly audit   'eslint-visitor-keys': [ '2.1.0', '3.4.3' ],
57 silly audit   '@babel/generator': [ '7.28.3' ],
57 silly audit   '@babel/helper-annotate-as-pure': [ '7.27.3' ],
57 silly audit   '@babel/helper-compilation-targets': [ '7.27.2' ],
57 silly audit   '@babel/helper-create-class-features-plugin': [ '7.28.3' ],
57 silly audit   '@babel/helper-create-regexp-features-plugin': [ '7.27.1' ],
57 silly audit   '@babel/helper-define-polyfill-provider': [ '0.6.5' ],
57 silly audit   '@babel/helper-globals': [ '7.28.0' ],
57 silly audit   '@babel/helper-member-expression-to-functions': [ '7.27.1' ],
57 silly audit   '@babel/helper-module-imports': [ '7.27.1' ],
57 silly audit   '@babel/helper-module-transforms': [ '7.28.3' ],
57 silly audit   '@babel/helper-optimise-call-expression': [ '7.27.1' ],
57 silly audit   '@babel/helper-plugin-utils': [ '7.27.1' ],
57 silly audit   '@babel/helper-remap-async-to-generator': [ '7.27.1' ],
57 silly audit   '@babel/helper-replace-supers': [ '7.27.1' ],
57 silly audit   '@babel/helper-skip-transparent-expression-wrappers': [ '7.27.1' ],
57 silly audit   '@babel/helper-string-parser': [ '7.27.1' ],
57 silly audit   '@babel/helper-validator-identifier': [ '7.27.1' ],
57 silly audit   '@babel/helper-validator-option': [ '7.27.1' ],
57 silly audit   '@babel/helper-wrap-function': [ '7.28.3' ],
57 silly audit   '@babel/helpers': [ '7.28.4' ],
57 silly audit   '@babel/parser': [ '7.28.4' ],
57 silly audit   '@babel/plugin-bugfix-firefox-class-in-computed-class-key': [ '7.27.1' ],
57 silly audit   '@babel/plugin-bugfix-safari-class-field-initializer-scope': [ '7.27.1' ],
57 silly audit   '@babel/plugin-bugfix-safari-id-destructuring-collision-in-function-expression': [ '7.27.1' ],
57 silly audit   '@babel/plugin-bugfix-v8-spread-parameters-in-optional-chaining': [ '7.27.1' ],
57 silly audit   '@babel/plugin-bugfix-v8-static-class-fields-redefine-readonly': [ '7.28.3' ],
57 silly audit   '@babel/plugin-proposal-class-properties': [ '7.18.6' ],
57 silly audit   '@babel/plugin-proposal-decorators': [ '7.28.0' ],
57 silly audit   '@babel/plugin-proposal-nullish-coalescing-operator': [ '7.18.6' ],
57 silly audit   '@babel/plugin-proposal-numeric-separator': [ '7.18.6' ],
57 silly audit   '@babel/plugin-proposal-optional-chaining': [ '7.21.0' ],
57 silly audit   '@babel/plugin-proposal-private-methods': [ '7.18.6' ],
57 silly audit   '@babel/plugin-proposal-private-property-in-object': [ '7.21.0-placeholder-for-preset-env.2', '7.21.11' ],
57 silly audit   '@babel/plugin-syntax-async-generators': [ '7.8.4' ],
57 silly audit   '@babel/plugin-syntax-bigint': [ '7.8.3' ],
57 silly audit   '@babel/plugin-syntax-class-properties': [ '7.12.13' ],
57 silly audit   '@babel/plugin-syntax-class-static-block': [ '7.14.5' ],
57 silly audit   '@babel/plugin-syntax-decorators': [ '7.27.1' ],
57 silly audit   '@babel/plugin-syntax-flow': [ '7.27.1' ],
57 silly audit   '@babel/plugin-syntax-import-assertions': [ '7.27.1' ],
57 silly audit   '@babel/plugin-syntax-import-attributes': [ '7.27.1' ],
57 silly audit   '@babel/plugin-syntax-import-meta': [ '7.10.4' ],
57 silly audit   '@babel/plugin-syntax-json-strings': [ '7.8.3' ],
57 silly audit   '@babel/plugin-syntax-jsx': [ '7.27.1' ],
57 silly audit   '@babel/plugin-syntax-logical-assignment-operators': [ '7.10.4' ],
57 silly audit   '@babel/plugin-syntax-nullish-coalescing-operator': [ '7.8.3' ],
57 silly audit   '@babel/plugin-syntax-numeric-separator': [ '7.10.4' ],
57 silly audit   '@babel/plugin-syntax-object-rest-spread': [ '7.8.3' ],
57 silly audit   '@babel/plugin-syntax-optional-catch-binding': [ '7.8.3' ],
57 silly audit   '@babel/plugin-syntax-optional-chaining': [ '7.8.3' ],
57 silly audit   '@babel/plugin-syntax-private-property-in-object': [ '7.14.5' ],
57 silly audit   '@babel/plugin-syntax-top-level-await': [ '7.14.5' ],
57 silly audit   '@babel/plugin-syntax-typescript': [ '7.27.1' ],
57 silly audit   '@babel/plugin-syntax-unicode-sets-regex': [ '7.18.6' ],
57 silly audit   '@babel/plugin-transform-arrow-functions': [ '7.27.1' ],
57 silly audit   '@babel/plugin-transform-async-generator-functions': [ '7.28.0' ],
57 silly audit   '@babel/plugin-transform-async-to-generator': [ '7.27.1' ],
57 silly audit   '@babel/plugin-transform-block-scoped-functions': [ '7.27.1' ],
57 silly audit   '@babel/plugin-transform-block-scoping': [ '7.28.4' ],
57 silly audit   '@babel/plugin-transform-class-properties': [ '7.27.1' ],
57 silly audit   '@babel/plugin-transform-class-static-block': [ '7.28.3' ],
57 silly audit   '@babel/plugin-transform-classes': [ '7.28.4' ],
57 silly audit   '@babel/plugin-transform-computed-properties': [ '7.27.1' ],
57 silly audit   '@babel/plugin-transform-destructuring': [ '7.28.0' ],
57 silly audit   '@babel/plugin-transform-dotall-regex': [ '7.27.1' ],
57 silly audit   '@babel/plugin-transform-duplicate-keys': [ '7.27.1' ],
57 silly audit   '@babel/plugin-transform-duplicate-named-capturing-groups-regex': [ '7.27.1' ],
57 silly audit   '@babel/plugin-transform-dynamic-import': [ '7.27.1' ],
57 silly audit   '@babel/plugin-transform-explicit-resource-management': [ '7.28.0' ],
57 silly audit   '@babel/plugin-transform-exponentiation-operator': [ '7.27.1' ],
57 silly audit   '@babel/plugin-transform-export-namespace-from': [ '7.27.1' ],
57 silly audit   '@babel/plugin-transform-flow-strip-types': [ '7.27.1' ],
57 silly audit   '@babel/plugin-transform-for-of': [ '7.27.1' ],
57 silly audit   '@babel/plugin-transform-function-name': [ '7.27.1' ],
57 silly audit   '@babel/plugin-transform-json-strings': [ '7.27.1' ],
57 silly audit   '@babel/plugin-transform-literals': [ '7.27.1' ],
57 silly audit   '@babel/plugin-transform-logical-assignment-operators': [ '7.27.1' ],
57 silly audit   '@babel/plugin-transform-member-expression-literals': [ '7.27.1' ],
57 silly audit   '@babel/plugin-transform-modules-amd': [ '7.27.1' ],
57 silly audit   '@babel/plugin-transform-modules-commonjs': [ '7.27.1' ],
57 silly audit   '@babel/plugin-transform-modules-systemjs': [ '7.27.1' ],
57 silly audit   '@babel/plugin-transform-modules-umd': [ '7.27.1' ],
57 silly audit   '@babel/plugin-transform-named-capturing-groups-regex': [ '7.27.1' ],
57 silly audit   '@babel/plugin-transform-new-target': [ '7.27.1' ],
57 silly audit   '@babel/plugin-transform-nullish-coalescing-operator': [ '7.27.1' ],
57 silly audit   '@babel/plugin-transform-numeric-separator': [ '7.27.1' ],
57 silly audit   '@babel/plugin-transform-object-rest-spread': [ '7.28.4' ],
57 silly audit   '@babel/plugin-transform-object-super': [ '7.27.1' ],
57 silly audit   '@babel/plugin-transform-optional-catch-binding': [ '7.27.1' ],
57 silly audit   '@babel/plugin-transform-optional-chaining': [ '7.27.1' ],
57 silly audit   '@babel/plugin-transform-parameters': [ '7.27.7' ],
57 silly audit   '@babel/plugin-transform-private-methods': [ '7.27.1' ],
57 silly audit   '@babel/plugin-transform-private-property-in-object': [ '7.27.1' ],
57 silly audit   '@babel/plugin-transform-property-literals': [ '7.27.1' ],
57 silly audit   '@babel/plugin-transform-react-constant-elements': [ '7.27.1' ],
57 silly audit   '@babel/plugin-transform-react-display-name': [ '7.28.0' ],
57 silly audit   '@babel/plugin-transform-react-jsx': [ '7.27.1' ],
57 silly audit   '@babel/plugin-transform-react-jsx-development': [ '7.27.1' ],
57 silly audit   '@babel/plugin-transform-react-pure-annotations': [ '7.27.1' ],
57 silly audit   '@babel/plugin-transform-regenerator': [ '7.28.4' ],
57 silly audit   '@babel/plugin-transform-regexp-modifiers': [ '7.27.1' ],
57 silly audit   '@babel/plugin-transform-reserved-words': [ '7.27.1' ],
57 silly audit   '@babel/plugin-transform-runtime': [ '7.28.3' ],
57 silly audit   '@babel/plugin-transform-shorthand-properties': [ '7.27.1' ],
57 silly audit   '@babel/plugin-transform-spread': [ '7.27.1' ],
57 silly audit   '@babel/plugin-transform-sticky-regex': [ '7.27.1' ],
57 silly audit   '@babel/plugin-transform-template-literals': [ '7.27.1' ],
57 silly audit   '@babel/plugin-transform-typeof-symbol': [ '7.27.1' ],
57 silly audit   '@babel/plugin-transform-typescript': [ '7.28.0' ],
57 silly audit   '@babel/plugin-transform-unicode-escapes': [ '7.27.1' ],
57 silly audit   '@babel/plugin-transform-unicode-property-regex': [ '7.27.1' ],
57 silly audit   '@babel/plugin-transform-unicode-regex': [ '7.27.1' ],
57 silly audit   '@babel/plugin-transform-unicode-sets-regex': [ '7.27.1' ],
57 silly audit   '@babel/preset-env': [ '7.28.3' ],
57 silly audit   '@babel/preset-modules': [ '0.1.6-no-external-plugins' ],
57 silly audit   '@babel/preset-react': [ '7.27.1' ],
57 silly audit   '@babel/preset-typescript': [ '7.27.1' ],
57 silly audit   '@babel/runtime': [ '7.28.4' ],
57 silly audit   '@babel/template': [ '7.27.2' ],
57 silly audit   '@babel/traverse': [ '7.28.4' ],
57 silly audit   '@babel/types': [ '7.28.4' ],
57 silly audit   '@bcoe/v8-coverage': [ '0.2.3' ],
57 silly audit   '@csstools/normalize.css': [ '12.1.1' ],
57 silly audit   '@csstools/postcss-cascade-layers': [ '1.1.1' ],
57 silly audit   '@csstools/postcss-color-function': [ '1.1.1' ],
57 silly audit   '@csstools/postcss-font-format-keywords': [ '1.0.1' ],
57 silly audit   '@csstools/postcss-hwb-function': [ '1.0.2' ],
57 silly audit   '@csstools/postcss-ic-unit': [ '1.0.1' ],
57 silly audit   '@csstools/postcss-is-pseudo-class': [ '2.0.7' ],
57 silly audit   '@csstools/postcss-nested-calc': [ '1.0.0' ],
57 silly audit   '@csstools/postcss-normalize-display-values': [ '1.0.1' ],
57 silly audit   '@csstools/postcss-oklab-function': [ '1.1.1' ],
57 silly audit   '@csstools/postcss-progressive-custom-properties': [ '1.3.0' ],
57 silly audit   '@csstools/postcss-stepped-value-functions': [ '1.0.1' ],
57 silly audit   '@csstools/postcss-text-decoration-shorthand': [ '1.0.0' ],
57 silly audit   '@csstools/postcss-trigonometric-functions': [ '1.0.2' ],
57 silly audit   '@csstools/postcss-unset-value': [ '1.0.2' ],
57 silly audit   '@csstools/selector-specificity': [ '2.2.0' ],
57 silly audit   '@eslint-community/eslint-utils': [ '4.9.0' ],
57 silly audit   '@eslint-community/regexpp': [ '4.12.1' ],
57 silly audit   '@eslint/eslintrc': [ '2.1.4' ],
57 silly audit   argparse: [ '2.0.1', '1.0.10' ],
57 silly audit   'js-yaml': [ '4.1.0', '3.14.1' ],
57 silly audit   '@eslint/js': [ '8.57.1' ],
57 silly audit   '@humanwhocodes/config-array': [ '0.13.0' ],
57 silly audit   '@humanwhocodes/module-importer': [ '1.0.1' ],
57 silly audit   '@humanwhocodes/object-schema': [ '2.0.3' ],
57 silly audit   '@isaacs/cliui': [ '8.0.2' ],
57 silly audit   'ansi-regex': [ '6.2.2', '5.0.1' ],
57 silly audit   'ansi-styles': [ '6.2.3', '5.2.0', '4.3.0', '3.2.1' ],
57 silly audit   'string-width': [ '5.1.2', '4.2.3' ],
57 silly audit   'strip-ansi': [ '7.1.2', '6.0.1' ],
57 silly audit   'wrap-ansi': [ '8.1.0', '7.0.0' ],
57 silly audit   '@isaacs/fs-minipass': [ '4.0.1' ],
57 silly audit   '@istanbuljs/load-nyc-config': [ '1.1.0' ],
57 silly audit   camelcase: [ '5.3.1', '6.3.0' ],
57 silly audit   '@istanbuljs/schema': [ '0.1.3' ],
57 silly audit   '@jest/console': [ '27.5.1', '28.1.3' ],
57 silly audit   '@jest/core': [ '27.5.1' ],
57 silly audit   '@jest/environment': [ '27.5.1' ],
57 silly audit   '@jest/fake-timers': [ '27.5.1' ],
57 silly audit   '@jest/globals': [ '27.5.1' ],
57 silly audit   '@jest/reporters': [ '27.5.1' ],
57 silly audit   'source-map': [ '0.6.1', '0.7.6', '0.8.0-beta.0' ],
57 silly audit   '@jest/schemas': [ '28.1.3' ],
57 silly audit   '@jest/source-map': [ '27.5.1' ],
57 silly audit   '@jest/test-result': [ '27.5.1', '28.1.3' ],
57 silly audit   '@jest/test-sequencer': [ '27.5.1' ],
57 silly audit   '@jest/transform': [ '27.5.1' ],
57 silly audit   'convert-source-map': [ '1.9.0', '2.0.0' ],
57 silly audit   '@jest/types': [ '27.5.1', '28.1.3' ],
57 silly audit   '@jridgewell/gen-mapping': [ '0.3.13' ],
57 silly audit   '@jridgewell/remapping': [ '2.3.5' ],
57 silly audit   '@jridgewell/resolve-uri': [ '3.1.2' ],
57 silly audit   '@jridgewell/source-map': [ '0.3.11' ],
57 silly audit   '@jridgewell/sourcemap-codec': [ '1.5.5' ],
57 silly audit   '@jridgewell/trace-mapping': [ '0.3.31' ],
57 silly audit   '@leichtgewicht/ip-codec': [ '2.0.5' ],
57 silly audit   '@nicolo-ribaudo/eslint-scope-5-internals': [ '5.1.1-v1' ],
57 silly audit   'eslint-scope': [ '5.1.1', '7.2.2' ],
57 silly audit   estraverse: [ '4.3.0', '5.3.0' ],
57 silly audit   '@nodelib/fs.scandir': [ '2.1.5' ],
57 silly audit   '@nodelib/fs.stat': [ '2.0.5' ],
57 silly audit   '@nodelib/fs.walk': [ '1.2.8' ],
57 silly audit   '@pkgjs/parseargs': [ '0.11.0' ],
57 silly audit   '@pmmmwh/react-refresh-webpack-plugin': [ '0.5.17' ],
57 silly audit   '@rollup/plugin-babel': [ '5.3.1' ],
57 silly audit   '@rollup/plugin-node-resolve': [ '11.2.1' ],
57 silly audit   '@rollup/plugin-replace': [ '2.4.2' ],
57 silly audit   'magic-string': [ '0.25.9', '0.30.19' ],
57 silly audit   '@rollup/pluginutils': [ '3.1.0' ],
57 silly audit   '@types/estree': [ '0.0.39', '1.0.8' ],
57 silly audit   '@rtsao/scc': [ '1.1.0' ],
57 silly audit   '@rushstack/eslint-patch': [ '1.12.0' ],
57 silly audit   '@sinclair/typebox': [ '0.24.51' ],
57 silly audit   '@sinonjs/commons': [ '1.8.6' ],
57 silly audit   '@sinonjs/fake-timers': [ '8.1.0' ],
57 silly audit   '@surma/rollup-plugin-off-main-thread': [ '2.2.3' ],
57 silly audit   '@svgr/babel-plugin-add-jsx-attribute': [ '5.4.0' ],
57 silly audit   '@svgr/babel-plugin-remove-jsx-attribute': [ '5.4.0' ],
57 silly audit   '@svgr/babel-plugin-remove-jsx-empty-expression': [ '5.0.1' ],
57 silly audit   '@svgr/babel-plugin-replace-jsx-attribute-value': [ '5.0.1' ],
57 silly audit   '@svgr/babel-plugin-svg-dynamic-title': [ '5.4.0' ],
57 silly audit   '@svgr/babel-plugin-svg-em-dimensions': [ '5.4.0' ],
57 silly audit   '@svgr/babel-plugin-transform-react-native-svg': [ '5.4.0' ],
57 silly audit   '@svgr/babel-plugin-transform-svg-component': [ '5.5.0' ],
57 silly audit   '@svgr/babel-preset': [ '5.5.0' ],
57 silly audit   '@svgr/core': [ '5.5.0' ],
57 silly audit   '@svgr/hast-util-to-babel-ast': [ '5.5.0' ],
57 silly audit   '@svgr/plugin-jsx': [ '5.5.0' ],
57 silly audit   '@svgr/plugin-svgo': [ '5.5.0' ],
57 silly audit   '@svgr/webpack': [ '5.5.0' ],
57 silly audit   '@tailwindcss/node': [ '4.1.13' ],
57 silly audit   '@tailwindcss/oxide': [ '4.1.13' ],
57 silly audit   '@tailwindcss/oxide-android-arm64': [ '4.1.13' ],
57 silly audit   '@tailwindcss/oxide-darwin-arm64': [ '4.1.13' ],
57 silly audit   '@tailwindcss/oxide-darwin-x64': [ '4.1.13' ],
57 silly audit   '@tailwindcss/oxide-freebsd-x64': [ '4.1.13' ],
57 silly audit   '@tailwindcss/oxide-linux-arm-gnueabihf': [ '4.1.13' ],
57 silly audit   '@tailwindcss/oxide-linux-arm64-gnu': [ '4.1.13' ],
57 silly audit   '@tailwindcss/oxide-linux-arm64-musl': [ '4.1.13' ],
57 silly audit   '@tailwindcss/oxide-linux-x64-gnu': [ '4.1.13' ],
57 silly audit   '@tailwindcss/oxide-linux-x64-musl': [ '4.1.13' ],
57 silly audit   '@tailwindcss/oxide-win32-arm64-msvc': [ '4.1.13' ],
57 silly audit   '@tailwindcss/oxide-win32-x64-msvc': [ '4.1.13' ],
57 silly audit   '@tailwindcss/postcss': [ '4.1.13' ],
57 silly audit   '@testing-library/dom': [ '10.4.1' ],
57 silly audit   '@testing-library/jest-dom': [ '6.8.0' ],
57 silly audit   'dom-accessibility-api': [ '0.6.3', '0.5.16' ],
57 silly audit   '@testing-library/react': [ '16.3.0' ],
57 silly audit   '@testing-library/user-event': [ '13.5.0' ],
57 silly audit   '@tootallnate/once': [ '1.1.2' ],
57 silly audit   '@trysound/sax': [ '0.2.0' ],
57 silly audit   '@types/aria-query': [ '5.0.4' ],
57 silly audit   '@types/babel__core': [ '7.20.5' ],
57 silly audit   '@types/babel__generator': [ '7.27.0' ],
57 silly audit   '@types/babel__template': [ '7.4.4' ],
57 silly audit   '@types/babel__traverse': [ '7.28.0' ],
57 silly audit   '@types/body-parser': [ '1.19.6' ],
57 silly audit   '@types/bonjour': [ '3.5.13' ],
57 silly audit   '@types/connect': [ '3.4.38' ],
57 silly audit   '@types/connect-history-api-fallback': [ '1.5.4' ],
57 silly audit   '@types/eslint': [ '8.56.12' ],
57 silly audit   '@types/eslint-scope': [ '3.7.7' ],
57 silly audit   '@types/express': [ '4.17.23' ],
57 silly audit   '@types/express-serve-static-core': [ '5.0.7', '4.19.6' ],
57 silly audit   '@types/graceful-fs': [ '4.1.9' ],
57 silly audit   '@types/html-minifier-terser': [ '6.1.0' ],
57 silly audit   '@types/http-errors': [ '2.0.5' ],
57 silly audit   '@types/http-proxy': [ '1.17.16' ],
57 silly audit   '@types/istanbul-lib-coverage': [ '2.0.6' ],
57 silly audit   '@types/istanbul-lib-report': [ '3.0.3' ],
57 silly audit   '@types/istanbul-reports': [ '3.0.4' ],
57 silly audit   '@types/json-schema': [ '7.0.15' ],
57 silly audit   '@types/json5': [ '0.0.29' ],
57 silly audit   '@types/mime': [ '1.3.5' ],
57 silly audit   '@types/node': [ '24.3.1' ],
57 silly audit   '@types/node-forge': [ '1.3.14' ],
57 silly audit   '@types/parse-json': [ '4.0.2' ],
57 silly audit   '@types/prettier': [ '2.7.3' ],
57 silly audit   '@types/q': [ '1.5.8' ],
57 silly audit   '@types/qs': [ '6.14.0' ],
57 silly audit   '@types/range-parser': [ '1.2.7' ],
57 silly audit   '@types/resolve': [ '1.17.1' ],
57 silly audit   '@types/retry': [ '0.12.0' ],
57 silly audit   '@types/semver': [ '7.7.1' ],
57 silly audit   '@types/send': [ '0.17.5' ],
57 silly audit   '@types/serve-index': [ '1.9.4' ],
57 silly audit   '@types/serve-static': [ '1.15.8' ],
57 silly audit   '@types/sockjs': [ '0.3.36' ],
57 silly audit   '@types/stack-utils': [ '2.0.3' ],
57 silly audit   '@types/trusted-types': [ '2.0.7' ],
57 silly audit   '@types/ws': [ '8.18.1' ],
57 silly audit   '@types/yargs': [ '16.0.9', '17.0.33' ],
57 silly audit   '@types/yargs-parser': [ '21.0.3' ],
57 silly audit   '@typescript-eslint/eslint-plugin': [ '5.62.0' ],
57 silly audit   '@typescript-eslint/experimental-utils': [ '5.62.0' ],
57 silly audit   '@typescript-eslint/parser': [ '5.62.0' ],
57 silly audit   '@typescript-eslint/scope-manager': [ '5.62.0' ],
57 silly audit   '@typescript-eslint/type-utils': [ '5.62.0' ],
57 silly audit   '@typescript-eslint/types': [ '5.62.0' ],
57 silly audit   '@typescript-eslint/typescript-estree': [ '5.62.0' ],
57 silly audit   '@typescript-eslint/utils': [ '5.62.0' ],
57 silly audit   '@typescript-eslint/visitor-keys': [ '5.62.0' ],
57 silly audit   '@ungap/structured-clone': [ '1.3.0' ],
57 silly audit   '@webassemblyjs/ast': [ '1.14.1' ],
57 silly audit   '@webassemblyjs/floating-point-hex-parser': [ '1.13.2' ],
57 silly audit   '@webassemblyjs/helper-api-error': [ '1.13.2' ],
57 silly audit   '@webassemblyjs/helper-buffer': [ '1.14.1' ],
57 silly audit   '@webassemblyjs/helper-numbers': [ '1.13.2' ],
57 silly audit   '@webassemblyjs/helper-wasm-bytecode': [ '1.13.2' ],
57 silly audit   '@webassemblyjs/helper-wasm-section': [ '1.14.1' ],
57 silly audit   '@webassemblyjs/ieee754': [ '1.13.2' ],
57 silly audit   '@webassemblyjs/leb128': [ '1.13.2' ],
57 silly audit   '@webassemblyjs/utf8': [ '1.13.2' ],
57 silly audit   '@webassemblyjs/wasm-edit': [ '1.14.1' ],
57 silly audit   '@webassemblyjs/wasm-gen': [ '1.14.1' ],
57 silly audit   '@webassemblyjs/wasm-opt': [ '1.14.1' ],
57 silly audit   '@webassemblyjs/wasm-parser': [ '1.14.1' ],
57 silly audit   '@webassemblyjs/wast-printer': [ '1.14.1' ],
57 silly audit   '@xtuc/ieee754': [ '1.2.0' ],
57 silly audit   '@xtuc/long': [ '4.2.2' ],
57 silly audit   abab: [ '2.0.6' ],
57 silly audit   accepts: [ '1.3.8' ],
57 silly audit   negotiator: [ '0.6.3', '0.6.4' ],
57 silly audit   acorn: [ '8.15.0', '7.4.1' ],
57 silly audit   'acorn-globals': [ '6.0.0' ],
57 silly audit   'acorn-import-phases': [ '1.0.4' ],
57 silly audit   'acorn-jsx': [ '5.3.2' ],
57 silly audit   'acorn-walk': [ '7.2.0' ],
57 silly audit   address: [ '1.2.2' ],
57 silly audit   'adjust-sourcemap-loader': [ '4.0.0' ],
57 silly audit   'agent-base': [ '6.0.2' ],
57 silly audit   ajv: [ '6.12.6', '8.17.1' ],
57 silly audit   'ajv-formats': [ '2.1.1' ],
57 silly audit   'json-schema-traverse': [ '1.0.0', '0.4.1' ],
57 silly audit   'ajv-keywords': [ '3.5.2', '5.1.0' ],
57 silly audit   'ansi-escapes': [ '4.3.2' ],
57 silly audit   'type-fest': [ '0.21.3', '0.16.0', '0.20.2' ],
57 silly audit   'ansi-html': [ '0.0.9' ],
57 silly audit   'ansi-html-community': [ '0.0.8' ],
57 silly audit   'any-promise': [ '1.3.0' ],
57 silly audit   anymatch: [ '3.1.3' ],
57 silly audit   arg: [ '5.0.2' ],
57 silly audit   'aria-query': [ '5.3.0', '5.3.2' ],
57 silly audit   'array-buffer-byte-length': [ '1.0.2' ],
57 silly audit   'array-flatten': [ '1.1.1' ],
57 silly audit   'array-includes': [ '3.1.9' ],
57 silly audit   'array-union': [ '2.1.0' ],
57 silly audit   'array.prototype.findlast': [ '1.2.5' ],
57 silly audit   'array.prototype.findlastindex': [ '1.2.6' ],
57 silly audit   'array.prototype.flat': [ '1.3.3' ],
57 silly audit   'array.prototype.flatmap': [ '1.3.3' ],
57 silly audit   'array.prototype.reduce': [ '1.0.8' ],
57 silly audit   'array.prototype.tosorted': [ '1.1.4' ],
57 silly audit   'arraybuffer.prototype.slice': [ '1.0.4' ],
57 silly audit   asap: [ '2.0.6' ],
57 silly audit   'ast-types-flow': [ '0.0.8' ],
57 silly audit   async: [ '3.2.6' ],
57 silly audit   'async-function': [ '1.0.0' ],
57 silly audit   asynckit: [ '0.4.0' ],
57 silly audit   'at-least-node': [ '1.0.0' ],
57 silly audit   autoprefixer: [ '10.4.21' ],
57 silly audit   'available-typed-arrays': [ '1.0.7' ],
57 silly audit   'axe-core': [ '4.10.3' ],
57 silly audit   'axobject-query': [ '4.1.0' ],
57 silly audit   'babel-jest': [ '27.5.1' ],
57 silly audit   'babel-loader': [ '8.4.1' ],
57 silly audit   'schema-utils': [ '2.7.1', '3.3.0', '2.7.0', '4.3.2' ],
57 silly audit   'babel-plugin-istanbul': [ '6.1.1' ],
57 silly audit   'babel-plugin-jest-hoist': [ '27.5.1' ],
57 silly audit   'babel-plugin-macros': [ '3.1.0' ],
57 silly audit   'babel-plugin-named-asset-import': [ '0.3.8' ],
57 silly audit   'babel-plugin-polyfill-corejs2': [ '0.4.14' ],
57 silly audit   'babel-plugin-polyfill-corejs3': [ '0.13.0' ],
57 silly audit   'babel-plugin-polyfill-regenerator': [ '0.6.5' ],
57 silly audit   'babel-plugin-transform-react-remove-prop-types': [ '0.4.24' ],
57 silly audit   'babel-preset-current-node-syntax': [ '1.2.0' ],
57 silly audit   'babel-preset-jest': [ '27.5.1' ],
57 silly audit   'babel-preset-react-app': [ '10.1.0' ],
57 silly audit   'balanced-match': [ '1.0.2' ],
57 silly audit   batch: [ '0.6.1' ],
57 silly audit   bfj: [ '7.1.0' ],
57 silly audit   'big.js': [ '5.2.2' ],
57 silly audit   'binary-extensions': [ '2.3.0' ],
57 silly audit   bluebird: [ '3.7.2' ],
57 silly audit   'body-parser': [ '1.20.3' ],
57 silly audit   debug: [ '2.6.9', '4.4.1', '3.2.7' ],
57 silly audit   'iconv-lite': [ '0.4.24', '0.6.3' ],
57 silly audit   ms: [ '2.0.0', '2.1.3' ],
57 silly audit   'bonjour-service': [ '1.3.0' ],
57 silly audit   boolbase: [ '1.0.0' ],
57 silly audit   'brace-expansion': [ '1.1.12', '2.0.2' ],
57 silly audit   braces: [ '3.0.3' ],
57 silly audit   'browser-process-hrtime': [ '1.0.0' ],
57 silly audit   browserslist: [ '4.25.4' ],
57 silly audit   bser: [ '2.1.1' ],
57 silly audit   'buffer-from': [ '1.1.2' ],
57 silly audit   'builtin-modules': [ '3.3.0' ],
57 silly audit   bytes: [ '3.1.2' ],
57 silly audit   'call-bind': [ '1.0.8' ],
57 silly audit   'call-bind-apply-helpers': [ '1.0.2' ],
57 silly audit   'call-bound': [ '1.0.4' ],
57 silly audit   callsites: [ '3.1.0' ],
57 silly audit   'camel-case': [ '4.1.2' ],
57 silly audit   'camelcase-css': [ '2.0.1' ],
57 silly audit   'caniuse-api': [ '3.0.0' ],
57 silly audit   'caniuse-lite': [ '1.0.30001741' ],
57 silly audit   'case-sensitive-paths-webpack-plugin': [ '2.4.0' ],
57 silly audit   chalk: [ '4.1.2', '2.4.2' ],
57 silly audit   'char-regex': [ '1.0.2', '2.0.2' ],
57 silly audit   'check-types': [ '11.2.3' ],
57 silly audit   chokidar: [ '3.6.0' ],
57 silly audit   'glob-parent': [ '5.1.2', '6.0.2' ],
57 silly audit   chownr: [ '3.0.0' ],
57 silly audit   'chrome-trace-event': [ '1.0.4' ],
57 silly audit   'ci-info': [ '3.9.0' ],
57 silly audit   'cjs-module-lexer': [ '1.4.3' ],
57 silly audit   'clean-css': [ '5.3.3' ],
57 silly audit   cliui: [ '7.0.4' ],
57 silly audit   co: [ '4.6.0' ],
57 silly audit   coa: [ '2.0.2' ],
57 silly audit   'color-convert': [ '1.9.3', '2.0.1' ],
57 silly audit   'color-name': [ '1.1.3', '1.1.4' ],
57 silly audit   'escape-string-regexp': [ '1.0.5', '4.0.0', '2.0.0' ],
57 silly audit   'has-flag': [ '3.0.0', '4.0.0' ],
57 silly audit   'supports-color': [ '5.5.0', '8.1.1', '7.2.0' ],
57 silly audit   'collect-v8-coverage': [ '1.0.2' ],
57 silly audit   colord: [ '2.9.3' ],
57 silly audit   colorette: [ '2.0.20' ],
57 silly audit   'combined-stream': [ '1.0.8' ],
57 silly audit   commander: [ '8.3.0', '7.2.0', '4.1.1', '2.20.3' ],
57 silly audit   'common-tags': [ '1.8.2' ],
57 silly audit   commondir: [ '1.0.1' ],
57 silly audit   compressible: [ '2.0.18' ],
57 silly audit   compression: [ '1.8.1' ],
57 silly audit   'concat-map': [ '0.0.1' ],
57 silly audit   'confusing-browser-globals': [ '1.0.11' ],
57 silly audit   'connect-history-api-fallback': [ '2.0.0' ],
57 silly audit   'content-disposition': [ '0.5.4' ],
57 silly audit   'content-type': [ '1.0.5' ],
57 silly audit   cookie: [ '1.0.2', '0.7.1' ],
57 silly audit   'cookie-signature': [ '1.0.6' ],
57 silly audit   'core-js': [ '3.45.1' ],
57 silly audit   'core-js-compat': [ '3.45.1' ],
57 silly audit   'core-js-pure': [ '3.45.1' ],
57 silly audit   'core-util-is': [ '1.0.3' ],
57 silly audit   cosmiconfig: [ '7.1.0', '6.0.0' ],
57 silly audit   'cross-spawn': [ '7.0.6' ],
57 silly audit   'crypto-random-string': [ '2.0.0' ],
57 silly audit   'css-blank-pseudo': [ '3.0.3' ],
57 silly audit   'css-declaration-sorter': [ '6.4.1' ],
57 silly audit   'css-has-pseudo': [ '3.0.4' ],
57 silly audit   'css-loader': [ '6.11.0' ],
57 silly audit   'css-minimizer-webpack-plugin': [ '3.4.1' ],
57 silly audit   'css-prefers-color-scheme': [ '6.0.3' ],
57 silly audit   'css-select': [ '4.3.0', '2.1.0' ],
57 silly audit   'css-select-base-adapter': [ '0.1.1' ],
57 silly audit   'css-tree': [ '1.0.0-alpha.37', '1.1.3' ],
57 silly audit   'css-what': [ '6.2.2', '3.4.2' ],
57 silly audit   'css.escape': [ '1.5.1' ],
57 silly audit   cssdb: [ '7.11.2' ],
57 silly audit   cssesc: [ '3.0.0' ],
57 silly audit   cssnano: [ '5.1.15' ],
57 silly audit   'cssnano-preset-default': [ '5.2.14' ],
57 silly audit   'cssnano-utils': [ '3.1.0' ],
57 silly audit   csso: [ '4.2.0' ],
57 silly audit   'mdn-data': [ '2.0.14', '2.0.4' ],
57 silly audit   cssom: [ '0.4.4', '0.3.8' ],
57 silly audit   cssstyle: [ '2.3.0' ],
57 silly audit   'damerau-levenshtein': [ '1.0.8' ],
57 silly audit   'data-urls': [ '2.0.0' ],
57 silly audit   'data-view-buffer': [ '1.0.2' ],
57 silly audit   'data-view-byte-length': [ '1.0.2' ],
57 silly audit   'data-view-byte-offset': [ '1.0.1' ],
57 silly audit   'decimal.js': [ '10.6.0' ],
57 silly audit   dedent: [ '0.7.0' ],
57 silly audit   'deep-is': [ '0.1.4' ],
57 silly audit   deepmerge: [ '4.3.1' ],
57 silly audit   'default-gateway': [ '6.0.3' ],
57 silly audit   'define-data-property': [ '1.1.4' ],
57 silly audit   'define-lazy-prop': [ '2.0.0' ],
57 silly audit   'define-properties': [ '1.2.1' ],
57 silly audit   'delayed-stream': [ '1.0.0' ],
57 silly audit   depd: [ '2.0.0', '1.1.2' ],
57 silly audit   dequal: [ '2.0.3' ],
57 silly audit   destroy: [ '1.2.0' ],
57 silly audit   'detect-libc': [ '2.0.4' ],
57 silly audit   'detect-newline': [ '3.1.0' ],
57 silly audit   'detect-node': [ '2.1.0' ],
57 silly audit   'detect-port-alt': [ '1.1.6' ],
57 silly audit   didyoumean: [ '1.2.2' ],
57 silly audit   'diff-sequences': [ '27.5.1' ],
57 silly audit   'dir-glob': [ '3.0.1' ],
57 silly audit   dlv: [ '1.1.3' ],
57 silly audit   'dns-packet': [ '5.6.1' ],
57 silly audit   doctrine: [ '3.0.0', '2.1.0' ],
57 silly audit   'dom-converter': [ '0.2.0' ],
57 silly audit   'dom-serializer': [ '1.4.1', '0.2.2' ],
57 silly audit   domelementtype: [ '2.3.0', '1.3.1' ],
57 silly audit   domexception: [ '2.0.1' ],
57 silly audit   'webidl-conversions': [ '5.0.0', '6.1.0', '4.0.2' ],
57 silly audit   domhandler: [ '4.3.1' ],
57 silly audit   domutils: [ '2.8.0', '1.7.0' ],
57 silly audit   'dot-case': [ '3.0.4' ],
57 silly audit   dotenv: [ '10.0.0' ],
57 silly audit   'dotenv-expand': [ '5.1.0' ],
57 silly audit   'dunder-proto': [ '1.0.1' ],
57 silly audit   duplexer: [ '0.1.2' ],
57 silly audit   eastasianwidth: [ '0.2.0' ],
57 silly audit   'ee-first': [ '1.1.1' ],
57 silly audit   ejs: [ '3.1.10' ],
57 silly audit   'electron-to-chromium': [ '1.5.216' ],
57 silly audit   emittery: [ '0.8.1', '0.10.2' ],
57 silly audit   'emoji-regex': [ '9.2.2', '8.0.0' ],
57 silly audit   'emojis-list': [ '3.0.0' ],
57 silly audit   encodeurl: [ '2.0.0', '1.0.2' ],
57 silly audit   'enhanced-resolve': [ '5.18.3' ],
57 silly audit   entities: [ '2.2.0' ],
57 silly audit   'error-ex': [ '1.3.2' ],
57 silly audit   'error-stack-parser': [ '2.1.4' ],
57 silly audit   'es-abstract': [ '1.24.0' ],
57 silly audit   'es-array-method-boxes-properly': [ '1.0.0' ],
57 silly audit   'es-define-property': [ '1.0.1' ],
57 silly audit   'es-errors': [ '1.3.0' ],
57 silly audit   'es-iterator-helpers': [ '1.2.1' ],
57 silly audit   'es-module-lexer': [ '1.7.0' ],
57 silly audit   'es-object-atoms': [ '1.1.1' ],
57 silly audit   'es-set-tostringtag': [ '2.1.0' ],
57 silly audit   'es-shim-unscopables': [ '1.1.0' ],
57 silly audit   'es-to-primitive': [ '1.3.0' ],
57 silly audit   escalade: [ '3.2.0' ],
57 silly audit   'escape-html': [ '1.0.3' ],
57 silly audit   escodegen: [ '2.1.0', '1.14.3' ],
57 silly audit   eslint: [ '8.57.1' ],
57 silly audit   'eslint-config-react-app': [ '7.0.1' ],
57 silly audit   'eslint-import-resolver-node': [ '0.3.9' ],
57 silly audit   'eslint-module-utils': [ '2.12.1' ],
57 silly audit   'eslint-plugin-flowtype': [ '8.0.3' ],
57 silly audit   'eslint-plugin-import': [ '2.32.0' ],
57 silly audit   'eslint-plugin-jest': [ '25.7.0' ],
57 silly audit   'eslint-plugin-jsx-a11y': [ '6.10.2' ],
57 silly audit   'eslint-plugin-react': [ '7.37.5' ],
57 silly audit   'eslint-plugin-react-hooks': [ '4.6.2' ],
57 silly audit   resolve: [ '2.0.0-next.5', '1.22.10' ],
57 silly audit   'eslint-plugin-testing-library': [ '5.11.1' ],
57 silly audit   'eslint-webpack-plugin': [ '3.2.0' ],
57 silly audit   'jest-worker': [ '28.1.3', '27.5.1', '26.6.2' ],
57 silly audit   'find-up': [ '5.0.0', '4.1.0', '3.0.0' ],
57 silly audit   'locate-path': [ '6.0.0', '5.0.0', '3.0.0' ],
57 silly audit   'p-limit': [ '3.1.0', '2.3.0' ],
57 silly audit   'p-locate': [ '5.0.0', '4.1.0', '3.0.0' ],
57 silly audit   espree: [ '9.6.1' ],
57 silly audit   esprima: [ '4.0.1', '1.2.2' ],
57 silly audit   esquery: [ '1.6.0' ],
57 silly audit   esrecurse: [ '4.3.0' ],
57 silly audit   'estree-walker': [ '1.0.1' ],
57 silly audit   esutils: [ '2.0.3' ],
57 silly audit   etag: [ '1.8.1' ],
57 silly audit   eventemitter3: [ '4.0.7' ],
57 silly audit   events: [ '3.3.0' ],
57 silly audit   execa: [ '5.1.1' ],
57 silly audit   exit: [ '0.1.2' ],
57 silly audit   expect: [ '27.5.1' ],
57 silly audit   express: [ '4.21.2' ],
57 silly audit   'fast-deep-equal': [ '3.1.3' ],
57 silly audit   'fast-glob': [ '3.3.3' ],
57 silly audit   'fast-json-stable-stringify': [ '2.1.0' ],
57 silly audit   'fast-levenshtein': [ '2.0.6' ],
57 silly audit   'fast-uri': [ '3.1.0' ],
57 silly audit   fastq: [ '1.19.1' ],
57 silly audit   'faye-websocket': [ '0.11.4' ],
57 silly audit   'fb-watchman': [ '2.0.2' ],
57 silly audit   'file-entry-cache': [ '6.0.1' ],
57 silly audit   'file-loader': [ '6.2.0' ],
57 silly audit   filelist: [ '1.0.4' ],
57 silly audit   minimatch: [ '5.1.6', '3.1.2', '9.0.5' ],
57 silly audit   filesize: [ '8.0.7' ],
57 silly audit   'fill-range': [ '7.1.1' ],
57 silly audit   finalhandler: [ '1.3.1' ],
57 silly audit   'find-cache-dir': [ '3.3.2' ],
57 silly audit   'flat-cache': [ '3.2.0' ],
57 silly audit   flatted: [ '3.3.3' ],
57 silly audit   'follow-redirects': [ '1.15.11' ],
57 silly audit   'for-each': [ '0.3.5' ],
57 silly audit   'foreground-child': [ '3.3.1' ],
57 silly audit   'signal-exit': [ '4.1.0', '3.0.7' ],
57 silly audit   'fork-ts-checker-webpack-plugin': [ '6.5.3' ],
57 silly audit   'fs-extra': [ '9.1.0', '10.1.0' ],
57 silly audit   tapable: [ '1.1.3', '2.2.3' ],
57 silly audit   'form-data': [ '3.0.4' ],
57 silly audit   forwarded: [ '0.2.0' ],
57 silly audit   'fraction.js': [ '4.3.7' ],
57 silly audit   'framer-motion': [ '12.23.12' ],
57 silly audit   fresh: [ '0.5.2' ],
57 silly audit   'fs-monkey': [ '1.1.0' ],
57 silly audit   'fs.realpath': [ '1.0.0' ],
57 silly audit   fsevents: [ '2.3.3' ],
57 silly audit   'function-bind': [ '1.1.2' ],
57 silly audit   'function.prototype.name': [ '1.1.8' ],
57 silly audit   'functions-have-names': [ '1.2.3' ],
57 silly audit   gensync: [ '1.0.0-beta.2' ],
57 silly audit   'get-caller-file': [ '2.0.5' ],
57 silly audit   'get-intrinsic': [ '1.3.0' ],
57 silly audit   'get-own-enumerable-property-symbols': [ '3.0.2' ],
57 silly audit   'get-package-type': [ '0.1.0' ],
57 silly audit   'get-proto': [ '1.0.1' ],
57 silly audit   'get-stream': [ '6.0.1' ],
57 silly audit   'get-symbol-description': [ '1.1.0' ],
57 silly audit   glob: [ '7.2.3', '10.4.5' ],
57 silly audit   'glob-to-regexp': [ '0.4.1' ],
57 silly audit   'global-modules': [ '2.0.0' ],
57 silly audit   'global-prefix': [ '3.0.0' ],
57 silly audit   which: [ '1.3.1', '2.0.2' ],
57 silly audit   globals: [ '13.24.0' ],
57 silly audit   globalthis: [ '1.0.4' ],
57 silly audit   globby: [ '11.1.0' ],
57 silly audit   gopd: [ '1.2.0' ],
57 silly audit   'graceful-fs': [ '4.2.11' ],
57 silly audit   graphemer: [ '1.4.0' ],
57 silly audit   'gzip-size': [ '6.0.0' ],
57 silly audit   'handle-thing': [ '2.0.1' ],
57 silly audit   'harmony-reflect': [ '1.6.2' ],
57 silly audit   'has-bigints': [ '1.1.0' ],
57 silly audit   'has-property-descriptors': [ '1.0.2' ],
57 silly audit   'has-proto': [ '1.2.0' ],
57 silly audit   'has-symbols': [ '1.1.0' ],
57 silly audit   'has-tostringtag': [ '1.0.2' ],
57 silly audit   hasown: [ '2.0.2' ],
57 silly audit   he: [ '1.2.0' ],
57 silly audit   hoopy: [ '0.1.4' ],
57 silly audit   'hpack.js': [ '2.1.6' ],
57 silly audit   isarray: [ '1.0.0', '2.0.5' ],
57 silly audit   'readable-stream': [ '2.3.8', '3.6.2' ],
57 silly audit   'safe-buffer': [ '5.1.2', '5.2.1' ],
57 silly audit   string_decoder: [ '1.1.1', '1.3.0' ],
57 silly audit   'html-encoding-sniffer': [ '2.0.1' ],
57 silly audit   'html-entities': [ '2.6.0' ],
57 silly audit   'html-escaper': [ '2.0.2' ],
57 silly audit   'html-minifier-terser': [ '6.1.0' ],
57 silly audit   'html-webpack-plugin': [ '5.6.4' ],
57 silly audit   htmlparser2: [ '6.1.0' ],
57 silly audit   'http-deceiver': [ '1.2.7' ],
57 silly audit   'http-errors': [ '2.0.0', '1.6.3' ],
57 silly audit   'http-parser-js': [ '0.5.10' ],
57 silly audit   'http-proxy': [ '1.18.1' ],
57 silly audit   'http-proxy-agent': [ '4.0.1' ],
57 silly audit   'http-proxy-middleware': [ '2.0.9' ],
57 silly audit   'https-proxy-agent': [ '5.0.1' ],
57 silly audit   'human-signals': [ '2.1.0' ],
57 silly audit   'icss-utils': [ '5.1.0' ],
57 silly audit   idb: [ '7.1.1' ],
57 silly audit   'identity-obj-proxy': [ '3.0.0' ],
57 silly audit   ignore: [ '5.3.2' ],
57 silly audit   immer: [ '9.0.21' ],
57 silly audit   'import-fresh': [ '3.3.1' ],
57 silly audit   'resolve-from': [ '4.0.0', '5.0.0' ],
57 silly audit   'import-local': [ '3.2.0' ],
57 silly audit   imurmurhash: [ '0.1.4' ],
57 silly audit   'indent-string': [ '4.0.0' ],
57 silly audit   inflight: [ '1.0.6' ],
57 silly audit   inherits: [ '2.0.4', '2.0.3' ],
57 silly audit   ini: [ '1.3.8' ],
57 silly audit   'internal-slot': [ '1.1.0' ],
57 silly audit   'ipaddr.js': [ '2.2.0', '1.9.1' ],
57 silly audit   'is-array-buffer': [ '3.0.5' ],
57 silly audit   'is-arrayish': [ '0.2.1' ],
57 silly audit   'is-async-function': [ '2.1.1' ],
57 silly audit   'is-bigint': [ '1.1.0' ],
57 silly audit   'is-binary-path': [ '2.1.0' ],
57 silly audit   'is-boolean-object': [ '1.2.2' ],
57 silly audit   'is-callable': [ '1.2.7' ],
57 silly audit   'is-core-module': [ '2.16.1' ],
57 silly audit   'is-data-view': [ '1.0.2' ],
57 silly audit   'is-date-object': [ '1.1.0' ],
57 silly audit   'is-docker': [ '2.2.1' ],
57 silly audit   'is-extglob': [ '2.1.1' ],
57 silly audit   'is-finalizationregistry': [ '1.1.1' ],
57 silly audit   'is-fullwidth-code-point': [ '3.0.0' ],
57 silly audit   'is-generator-fn': [ '2.1.0' ],
57 silly audit   'is-generator-function': [ '1.1.0' ],
57 silly audit   'is-glob': [ '4.0.3' ],
57 silly audit   'is-map': [ '2.0.3' ],
57 silly audit   'is-module': [ '1.0.0' ],
57 silly audit   'is-negative-zero': [ '2.0.3' ],
57 silly audit   'is-number': [ '7.0.0' ],
57 silly audit   'is-number-object': [ '1.1.1' ],
57 silly audit   'is-obj': [ '1.0.1' ],
57 silly audit   'is-path-inside': [ '3.0.3' ],
57 silly audit   'is-plain-obj': [ '3.0.0' ],
57 silly audit   'is-potential-custom-element-name': [ '1.0.1' ],
57 silly audit   'is-regex': [ '1.2.1' ],
57 silly audit   'is-regexp': [ '1.0.0' ],
57 silly audit   'is-root': [ '2.1.0' ],
57 silly audit   'is-set': [ '2.0.3' ],
57 silly audit   'is-shared-array-buffer': [ '1.0.4' ],
57 silly audit   'is-stream': [ '2.0.1' ],
57 silly audit   'is-string': [ '1.1.1' ],
57 silly audit   'is-symbol': [ '1.1.1' ],
57 silly audit   'is-typed-array': [ '1.1.15' ],
57 silly audit   'is-typedarray': [ '1.0.0' ],
57 silly audit   'is-weakmap': [ '2.0.2' ],
57 silly audit   'is-weakref': [ '1.1.1' ],
57 silly audit   'is-weakset': [ '2.0.4' ],
57 silly audit   'is-wsl': [ '2.2.0' ],
57 silly audit   isexe: [ '2.0.0' ],
57 silly audit   'istanbul-lib-coverage': [ '3.2.2' ],
57 silly audit   'istanbul-lib-instrument': [ '5.2.1' ],
57 silly audit   'istanbul-lib-report': [ '3.0.1' ],
57 silly audit   'make-dir': [ '4.0.0', '3.1.0' ],
57 silly audit   'istanbul-lib-source-maps': [ '4.0.1' ],
57 silly audit   'istanbul-reports': [ '3.2.0' ],
57 silly audit   'iterator.prototype': [ '1.1.5' ],
57 silly audit   jackspeak: [ '3.4.3' ],
57 silly audit   jake: [ '10.9.4' ],
57 silly audit   jest: [ '27.5.1' ],
57 silly audit   'jest-changed-files': [ '27.5.1' ],
57 silly audit   'jest-circus': [ '27.5.1' ],
57 silly audit   'jest-cli': [ '27.5.1' ],
57 silly audit   'jest-config': [ '27.5.1' ],
57 silly audit   'jest-diff': [ '27.5.1' ],
57 silly audit   'jest-docblock': [ '27.5.1' ],
57 silly audit   'jest-each': [ '27.5.1' ],
57 silly audit   'jest-environment-jsdom': [ '27.5.1' ],
57 silly audit   'jest-environment-node': [ '27.5.1' ],
57 silly audit   'jest-get-type': [ '27.5.1' ],
57 silly audit   'jest-haste-map': [ '27.5.1' ],
57 silly audit   'jest-jasmine2': [ '27.5.1' ],
57 silly audit   'jest-leak-detector': [ '27.5.1' ],
57 silly audit   'jest-matcher-utils': [ '27.5.1' ],
57 silly audit   'jest-message-util': [ '27.5.1', '28.1.3' ],
57 silly audit   'jest-mock': [ '27.5.1' ],
57 silly audit   'jest-pnp-resolver': [ '1.2.3' ],
57 silly audit   'jest-regex-util': [ '27.5.1', '28.0.2' ],
57 silly audit   'jest-resolve': [ '27.5.1' ],
57 silly audit   'jest-resolve-dependencies': [ '27.5.1' ],
57 silly audit   'jest-runner': [ '27.5.1' ],
57 silly audit   'jest-runtime': [ '27.5.1' ],
57 silly audit   'jest-serializer': [ '27.5.1' ],
57 silly audit   'jest-snapshot': [ '27.5.1' ],
57 silly audit   'jest-util': [ '27.5.1', '28.1.3' ],
57 silly audit   'jest-validate': [ '27.5.1' ],
57 silly audit   'jest-watch-typeahead': [ '1.1.0' ],
57 silly audit   slash: [ '3.0.0', '4.0.0' ],
57 silly audit   'jest-watcher': [ '28.1.3', '27.5.1' ],
57 silly audit   'string-length': [ '4.0.2', '5.0.1' ],
57 silly audit   'pretty-format': [ '28.1.3', '27.5.1' ],
57 silly audit   'react-is': [ '18.3.1', '16.13.1', '17.0.2' ],
57 silly audit   jiti: [ '2.5.1', '1.21.7' ],
57 silly audit   'js-tokens': [ '4.0.0' ],
57 silly audit   jsdom: [ '16.7.0' ],
57 silly audit   jsesc: [ '3.1.0', '3.0.2' ],
57 silly audit   'json-buffer': [ '3.0.1' ],
57 silly audit   'json-parse-even-better-errors': [ '2.3.1' ],
57 silly audit   'json-schema': [ '0.4.0' ],
57 silly audit   'json-stable-stringify-without-jsonify': [ '1.0.1' ],
57 silly audit   json5: [ '2.2.3', '1.0.2' ],
57 silly audit   jsonfile: [ '6.2.0' ],
57 silly audit   jsonpath: [ '1.1.1' ],
57 silly audit   jsonpointer: [ '5.0.1' ],
57 silly audit   'jsx-ast-utils': [ '3.3.5' ],
57 silly audit   keyv: [ '4.5.4' ],
57 silly audit   'kind-of': [ '6.0.3' ],
57 silly audit   kleur: [ '3.0.3' ],
57 silly audit   klona: [ '2.0.6' ],
57 silly audit   'language-subtag-registry': [ '0.3.23' ],
57 silly audit   'language-tags': [ '1.0.9' ],
57 silly audit   'launch-editor': [ '2.11.1' ],
57 silly audit   leven: [ '3.1.0' ],
57 silly audit   levn: [ '0.4.1', '0.3.0' ],
57 silly audit   lightningcss: [ '1.30.1' ],
57 silly audit   'lightningcss-darwin-arm64': [ '1.30.1' ],
57 silly audit   'lightningcss-darwin-x64': [ '1.30.1' ],
57 silly audit   'lightningcss-freebsd-x64': [ '1.30.1' ],
57 silly audit   'lightningcss-linux-arm-gnueabihf': [ '1.30.1' ],
57 silly audit   'lightningcss-linux-arm64-gnu': [ '1.30.1' ],
57 silly audit   'lightningcss-linux-arm64-musl': [ '1.30.1' ],
57 silly audit   'lightningcss-linux-x64-gnu': [ '1.30.1' ],
57 silly audit   'lightningcss-linux-x64-musl': [ '1.30.1' ],
57 silly audit   'lightningcss-win32-arm64-msvc': [ '1.30.1' ],
57 silly audit   'lightningcss-win32-x64-msvc': [ '1.30.1' ],
57 silly audit   lilconfig: [ '2.1.0', '3.1.3' ],
57 silly audit   'lines-and-columns': [ '1.2.4' ],
57 silly audit   'loader-runner': [ '4.3.0' ],
57 silly audit   'loader-utils': [ '2.0.4', '3.3.1' ],
57 silly audit   lodash: [ '4.17.21' ],
57 silly audit   'lodash.debounce': [ '4.0.8' ],
57 silly audit   'lodash.memoize': [ '4.1.2' ],
57 silly audit   'lodash.merge': [ '4.6.2' ],
57 silly audit   'lodash.sortby': [ '4.7.0' ],
57 silly audit   'lodash.uniq': [ '4.5.0' ],
57 silly audit   'loose-envify': [ '1.4.0' ],
57 silly audit   'lower-case': [ '2.0.2' ],
57 silly audit   'lru-cache': [ '5.1.1', '10.4.3' ],
57 silly audit   'lz-string': [ '1.5.0' ],
57 silly audit   makeerror: [ '1.0.12' ],
57 silly audit   'math-intrinsics': [ '1.1.0' ],
57 silly audit   'media-typer': [ '0.3.0' ],
57 silly audit   memfs: [ '3.5.3' ],
57 silly audit   'merge-descriptors': [ '1.0.3' ],
57 silly audit   'merge-stream': [ '2.0.0' ],
57 silly audit   merge2: [ '1.4.1' ],
57 silly audit   methods: [ '1.1.2' ],
57 silly audit   micromatch: [ '4.0.8' ],
57 silly audit   mime: [ '1.6.0' ],
57 silly audit   'mime-db': [ '1.52.0' ],
57 silly audit   'mime-types': [ '2.1.35' ],
57 silly audit   'mimic-fn': [ '2.1.0' ],
57 silly audit   'min-indent': [ '1.0.1' ],
57 silly audit   'mini-css-extract-plugin': [ '2.9.4' ],
57 silly audit   'minimalistic-assert': [ '1.0.1' ],
57 silly audit   minimist: [ '1.2.8' ],
57 silly audit   minipass: [ '7.1.2' ],
57 silly audit   minizlib: [ '3.0.2' ],
57 silly audit   mkdirp: [ '0.5.6', '3.0.1' ],
57 silly audit   'motion-dom': [ '12.23.12' ],
57 silly audit   'motion-utils': [ '12.23.6' ],
57 silly audit   'multicast-dns': [ '7.2.5' ],
57 silly audit   mz: [ '2.7.0' ],
57 silly audit   nanoid: [ '3.3.11' ],
57 silly audit   'natural-compare': [ '1.4.0' ],
57 silly audit   'natural-compare-lite': [ '1.4.0' ],
57 silly audit   'neo-async': [ '2.6.2' ],
57 silly audit   'no-case': [ '3.0.4' ],
57 silly audit   'node-forge': [ '1.3.1' ],
57 silly audit   'node-int64': [ '0.4.0' ],
57 silly audit   'node-releases': [ '2.0.20' ],
57 silly audit   'normalize-path': [ '3.0.0' ],
57 silly audit   'normalize-range': [ '0.1.2' ],
57 silly audit   'normalize-url': [ '6.1.0' ],
57 silly audit   'npm-run-path': [ '4.0.1' ],
57 silly audit   'nth-check': [ '2.1.1', '1.0.2' ],
57 silly audit   nwsapi: [ '2.2.22' ],
57 silly audit   'object-assign': [ '4.1.1' ],
57 silly audit   'object-hash': [ '3.0.0' ],
57 silly audit   'object-inspect': [ '1.13.4' ],
57 silly audit   'object-keys': [ '1.1.1' ],
57 silly audit   'object.assign': [ '4.1.7' ],
57 silly audit   'object.entries': [ '1.1.9' ],
57 silly audit   'object.fromentries': [ '2.0.8' ],
57 silly audit   'object.getownpropertydescriptors': [ '2.1.8' ],
57 silly audit   'object.groupby': [ '1.0.3' ],
57 silly audit   'object.values': [ '1.2.1' ],
57 silly audit   obuf: [ '1.1.2' ],
57 silly audit   'on-finished': [ '2.4.1' ],
57 silly audit   'on-headers': [ '1.1.0' ],
57 silly audit   once: [ '1.4.0' ],
57 silly audit   onetime: [ '5.1.2' ],
57 silly audit   open: [ '8.4.2' ],
57 silly audit   optionator: [ '0.9.4', '0.8.3' ],
57 silly audit   'own-keys': [ '1.0.1' ],
57 silly audit   'p-retry': [ '4.6.2' ],
57 silly audit   'p-try': [ '2.2.0' ],
57 silly audit   'package-json-from-dist': [ '1.0.1' ],
57 silly audit   'param-case': [ '3.0.4' ],
57 silly audit   'parent-module': [ '1.0.1' ],
57 silly audit   'parse-json': [ '5.2.0' ],
57 silly audit   parse5: [ '6.0.1' ],
57 silly audit   parseurl: [ '1.3.3' ],
57 silly audit   'pascal-case': [ '3.1.2' ],
57 silly audit   'path-exists': [ '4.0.0', '3.0.0' ],
57 silly audit   'path-is-absolute': [ '1.0.1' ],
57 silly audit   'path-key': [ '3.1.1' ],
57 silly audit   'path-parse': [ '1.0.7' ],
57 silly audit   'path-scurry': [ '1.11.1' ],
57 silly audit   'path-to-regexp': [ '0.1.12' ],
57 silly audit   'path-type': [ '4.0.0' ],
57 silly audit   'performance-now': [ '2.1.0' ],
57 silly audit   picocolors: [ '1.1.1', '0.2.1' ],
57 silly audit   picomatch: [ '2.3.1' ],
57 silly audit   pify: [ '2.3.0' ],
57 silly audit   pirates: [ '4.0.7' ],
57 silly audit   'pkg-dir': [ '4.2.0' ],
57 silly audit   'pkg-up': [ '3.1.0' ],
57 silly audit   'possible-typed-array-names': [ '1.1.0' ],
57 silly audit   postcss: [ '8.5.6', '7.0.39' ],
57 silly audit   'postcss-attribute-case-insensitive': [ '5.0.2' ],
57 silly audit   'postcss-browser-comments': [ '4.0.0' ],
57 silly audit   'postcss-calc': [ '8.2.4' ],
57 silly audit   'postcss-clamp': [ '4.1.0' ],
57 silly audit   'postcss-color-functional-notation': [ '4.2.4' ],
57 silly audit   'postcss-color-hex-alpha': [ '8.0.4' ],
57 silly audit   'postcss-color-rebeccapurple': [ '7.1.1' ],
57 silly audit   'postcss-colormin': [ '5.3.1' ],
57 silly audit   'postcss-convert-values': [ '5.1.3' ],
57 silly audit   'postcss-custom-media': [ '8.0.2' ],
57 silly audit   'postcss-custom-properties': [ '12.1.11' ],
57 silly audit   'postcss-custom-selectors': [ '6.0.3' ],
57 silly audit   'postcss-dir-pseudo-class': [ '6.0.5' ],
57 silly audit   'postcss-discard-comments': [ '5.1.2' ],
57 silly audit   'postcss-discard-duplicates': [ '5.1.0' ],
57 silly audit   'postcss-discard-empty': [ '5.1.1' ],
57 silly audit   'postcss-discard-overridden': [ '5.1.0' ],
57 silly audit   'postcss-double-position-gradients': [ '3.1.2' ],
57 silly audit   'postcss-env-function': [ '4.0.6' ],
57 silly audit   'postcss-flexbugs-fixes': [ '5.0.2' ],
57 silly audit   'postcss-focus-visible': [ '6.0.4' ],
57 silly audit   'postcss-focus-within': [ '5.0.4' ],
57 silly audit   'postcss-font-variant': [ '5.0.0' ],
57 silly audit   'postcss-gap-properties': [ '3.0.5' ],
57 silly audit   'postcss-image-set-function': [ '4.0.7' ],
57 silly audit   'postcss-import': [ '15.1.0' ],
57 silly audit   'postcss-initial': [ '4.0.1' ],
57 silly audit   'postcss-js': [ '4.0.1' ],
57 silly audit   'postcss-lab-function': [ '4.2.1' ],
57 silly audit   'postcss-load-config': [ '4.0.2' ],
57 silly audit   yaml: [ '2.8.1', '1.10.2' ],
57 silly audit   'postcss-loader': [ '6.2.1' ],
57 silly audit   'postcss-logical': [ '5.0.4' ],
57 silly audit   'postcss-media-minmax': [ '5.0.0' ],
57 silly audit   'postcss-merge-longhand': [ '5.1.7' ],
57 silly audit   'postcss-merge-rules': [ '5.1.4' ],
57 silly audit   'postcss-minify-font-values': [ '5.1.0' ],
57 silly audit   'postcss-minify-gradients': [ '5.1.1' ],
57 silly audit   'postcss-minify-params': [ '5.1.4' ],
57 silly audit   'postcss-minify-selectors': [ '5.2.1' ],
57 silly audit   'postcss-modules-extract-imports': [ '3.1.0' ],
57 silly audit   'postcss-modules-local-by-default': [ '4.2.0' ],
57 silly audit   'postcss-selector-parser': [ '7.1.0', '6.1.2' ],
57 silly audit   'postcss-modules-scope': [ '3.2.1' ],
57 silly audit   'postcss-modules-values': [ '4.0.0' ],
57 silly audit   'postcss-nested': [ '6.2.0' ],
57 silly audit   'postcss-nesting': [ '10.2.0' ],
57 silly audit   'postcss-normalize': [ '10.0.1' ],
57 silly audit   'postcss-normalize-charset': [ '5.1.0' ],
57 silly audit   'postcss-normalize-display-values': [ '5.1.0' ],
57 silly audit   'postcss-normalize-positions': [ '5.1.1' ],
57 silly audit   'postcss-normalize-repeat-style': [ '5.1.1' ],
57 silly audit   'postcss-normalize-string': [ '5.1.0' ],
57 silly audit   'postcss-normalize-timing-functions': [ '5.1.0' ],
57 silly audit   'postcss-normalize-unicode': [ '5.1.1' ],
57 silly audit   'postcss-normalize-url': [ '5.1.0' ],
57 silly audit   'postcss-normalize-whitespace': [ '5.1.1' ],
57 silly audit   'postcss-opacity-percentage': [ '1.1.3' ],
57 silly audit   'postcss-ordered-values': [ '5.1.3' ],
57 silly audit   'postcss-overflow-shorthand': [ '3.0.4' ],
57 silly audit   'postcss-page-break': [ '3.0.4' ],
57 silly audit   'postcss-place': [ '7.0.5' ],
57 silly audit   'postcss-preset-env': [ '7.8.3' ],
57 silly audit   'postcss-pseudo-class-any-link': [ '7.1.6' ],
57 silly audit   'postcss-reduce-initial': [ '5.1.2' ],
57 silly audit   'postcss-reduce-transforms': [ '5.1.0' ],
57 silly audit   'postcss-replace-overflow-wrap': [ '4.0.0' ],
57 silly audit   'postcss-selector-not': [ '6.0.1' ],
57 silly audit   'postcss-svgo': [ '5.1.0' ],
57 silly audit   svgo: [ '2.8.0', '1.3.2' ],
57 silly audit   'postcss-unique-selectors': [ '5.1.1' ],
57 silly audit   'postcss-value-parser': [ '4.2.0' ],
57 silly audit   'prelude-ls': [ '1.2.1', '1.1.2' ],
57 silly audit   'pretty-bytes': [ '5.6.0' ],
57 silly audit   'pretty-error': [ '4.0.0' ],
57 silly audit   'process-nextick-args': [ '2.0.1' ],
57 silly audit   promise: [ '8.3.0' ],
57 silly audit   prompts: [ '2.4.2' ],
57 silly audit   'prop-types': [ '15.8.1' ],
57 silly audit   'proxy-addr': [ '2.0.7' ],
57 silly audit   psl: [ '1.15.0' ],
57 silly audit   punycode: [ '2.3.1' ],
57 silly audit   q: [ '1.5.1' ],
57 silly audit   qs: [ '6.13.0' ],
57 silly audit   querystringify: [ '2.2.0' ],
57 silly audit   'queue-microtask': [ '1.2.3' ],
57 silly audit   raf: [ '3.4.1' ],
57 silly audit   randombytes: [ '2.1.0' ],
57 silly audit   'range-parser': [ '1.2.1' ],
57 silly audit   'raw-body': [ '2.5.2' ],
57 silly audit   react: [ '19.1.1' ],
57 silly audit   'react-app-polyfill': [ '3.0.0' ],
57 silly audit   'react-dev-utils': [ '12.0.1' ],
57 silly audit   'react-dom': [ '19.1.1' ],
57 silly audit   'react-error-overlay': [ '6.1.0' ],
57 silly audit   'react-refresh': [ '0.11.0' ],
57 silly audit   'react-router': [ '7.8.2' ],
57 silly audit   'react-router-dom': [ '7.8.2' ],
57 silly audit   'react-scripts': [ '5.0.1' ],
57 silly audit   tailwindcss: [ '3.4.17', '4.1.13' ],
57 silly audit   'read-cache': [ '1.0.0' ],
57 silly audit   readdirp: [ '3.6.0' ],
57 silly audit   'recursive-readdir': [ '2.2.3' ],
57 silly audit   redent: [ '3.0.0' ],
57 silly audit   'reflect.getprototypeof': [ '1.0.10' ],
57 silly audit   regenerate: [ '1.4.2' ],
57 silly audit   'regenerate-unicode-properties': [ '10.2.2' ],
57 silly audit   'regenerator-runtime': [ '0.13.11' ],
57 silly audit   'regex-parser': [ '2.3.1' ],
57 silly audit   'regexp.prototype.flags': [ '1.5.4' ],
57 silly audit   'regexpu-core': [ '6.3.1' ],
57 silly audit   regjsgen: [ '0.8.0' ],
57 silly audit   regjsparser: [ '0.12.0' ],
57 silly audit   relateurl: [ '0.2.7' ],
57 silly audit   renderkid: [ '3.0.0' ],
57 silly audit   'require-directory': [ '2.1.1' ],
57 silly audit   'require-from-string': [ '2.0.2' ],
57 silly audit   'requires-port': [ '1.0.0' ],
57 silly audit   'resolve-cwd': [ '3.0.0' ],
57 silly audit   'resolve-url-loader': [ '4.0.0' ],
57 silly audit   'resolve.exports': [ '1.1.1' ],
57 silly audit   retry: [ '0.13.1' ],
57 silly audit   reusify: [ '1.1.0' ],
57 silly audit   rimraf: [ '3.0.2' ],
57 silly audit   rollup: [ '2.79.2' ],
57 silly audit   'rollup-plugin-terser': [ '7.0.2' ],
57 silly audit   'serialize-javascript': [ '4.0.0', '6.0.2' ],
57 silly audit   'run-parallel': [ '1.2.0' ],
57 silly audit   'safe-array-concat': [ '1.1.3' ],
57 silly audit   'safe-push-apply': [ '1.0.0' ],
57 silly audit   'safe-regex-test': [ '1.1.0' ],
57 silly audit   'safer-buffer': [ '2.1.2' ],
57 silly audit   'sanitize.css': [ '13.0.0' ],
57 silly audit   'sass-loader': [ '12.6.0' ],
57 silly audit   sax: [ '1.2.4' ],
57 silly audit   saxes: [ '5.0.1' ],
57 silly audit   scheduler: [ '0.26.0' ],
57 silly audit   'select-hose': [ '2.0.0' ],
57 silly audit   selfsigned: [ '2.4.1' ],
57 silly audit   send: [ '0.19.0' ],
57 silly audit   'serve-index': [ '1.9.1' ],
57 silly audit   setprototypeof: [ '1.1.0', '1.2.0' ],
57 silly audit   statuses: [ '1.5.0', '2.0.1' ],
57 silly audit   'serve-static': [ '1.16.2' ],
57 silly audit   'set-cookie-parser': [ '2.7.1' ],
57 silly audit   'set-function-length': [ '1.2.2' ],
57 silly audit   'set-function-name': [ '2.0.2' ],
57 silly audit   'set-proto': [ '1.0.0' ],
57 silly audit   'shebang-command': [ '2.0.0' ],
57 silly audit   'shebang-regex': [ '3.0.0' ],
57 silly audit   'shell-quote': [ '1.8.3' ],
57 silly audit   'side-channel': [ '1.1.0' ],
57 silly audit   'side-channel-list': [ '1.0.0' ],
57 silly audit   'side-channel-map': [ '1.0.1' ],
57 silly audit   'side-channel-weakmap': [ '1.0.2' ],
57 silly audit   sisteransi: [ '1.0.5' ],
57 silly audit   sockjs: [ '0.3.24' ],
57 silly audit   'source-list-map': [ '2.0.1' ],
57 silly audit   'source-map-js': [ '1.2.1' ],
57 silly audit   'source-map-loader': [ '3.0.2' ],
57 silly audit   'source-map-support': [ '0.5.21' ],
57 silly audit   'sourcemap-codec': [ '1.4.8' ],
57 silly audit   spdy: [ '4.0.2' ],
57 silly audit   'spdy-transport': [ '3.0.0' ],
57 silly audit   'sprintf-js': [ '1.0.3' ],
57 silly audit   stable: [ '0.1.8' ],
57 silly audit   'stack-utils': [ '2.0.6' ],
57 silly audit   stackframe: [ '1.3.4' ],
57 silly audit   'static-eval': [ '2.0.2' ],
57 silly audit   'type-check': [ '0.3.2', '0.4.0' ],
57 silly audit   'stop-iteration-iterator': [ '1.1.0' ],
57 silly audit   'string-natural-compare': [ '3.0.1' ],
57 silly audit   'string.prototype.includes': [ '2.0.1' ],
57 silly audit   'string.prototype.matchall': [ '4.0.12' ],
57 silly audit   'string.prototype.repeat': [ '1.0.0' ],
57 silly audit   'string.prototype.trim': [ '1.2.10' ],
57 silly audit   'string.prototype.trimend': [ '1.0.9' ],
57 silly audit   'string.prototype.trimstart': [ '1.0.8' ],
57 silly audit   'stringify-object': [ '3.3.0' ],
57 silly audit   'strip-bom': [ '4.0.0', '3.0.0' ],
57 silly audit   'strip-comments': [ '2.0.1' ],
57 silly audit   'strip-final-newline': [ '2.0.0' ],
57 silly audit   'strip-indent': [ '3.0.0' ],
57 silly audit   'strip-json-comments': [ '3.1.1' ],
57 silly audit   'style-loader': [ '3.3.4' ],
57 silly audit   stylehacks: [ '5.1.1' ],
57 silly audit   sucrase: [ '3.35.0' ],
57 silly audit   'supports-hyperlinks': [ '2.3.0' ],
57 silly audit   'supports-preserve-symlinks-flag': [ '1.0.0' ],
57 silly audit   'svg-parser': [ '2.0.4' ],
57 silly audit   'symbol-tree': [ '3.2.4' ],
57 silly audit   tar: [ '7.4.3' ],
57 silly audit   yallist: [ '5.0.0', '3.1.1' ],
57 silly audit   'temp-dir': [ '2.0.0' ],
57 silly audit   tempy: [ '0.6.0' ],
57 silly audit   'terminal-link': [ '2.1.1' ],
57 silly audit   terser: [ '5.44.0' ],
57 silly audit   'terser-webpack-plugin': [ '5.3.14' ],
57 silly audit   'test-exclude': [ '6.0.0' ],
57 silly audit   'text-table': [ '0.2.0' ],
57 silly audit   thenify: [ '3.3.1' ],
57 silly audit   'thenify-all': [ '1.6.0' ],
57 silly audit   throat: [ '6.0.2' ],
57 silly audit   thunky: [ '1.1.0' ],
57 silly audit   tmpl: [ '1.0.5' ],
57 silly audit   'to-regex-range': [ '5.0.1' ],
57 silly audit   toidentifier: [ '1.0.1' ],
57 silly audit   'tough-cookie': [ '4.1.4' ],
57 silly audit   universalify: [ '0.2.0', '2.0.1' ],
57 silly audit   tr46: [ '2.1.0', '1.0.1' ],
57 silly audit   tryer: [ '1.0.1' ],
57 silly audit   'ts-interface-checker': [ '0.1.13' ],
57 silly audit   'tsconfig-paths': [ '3.15.0' ],
57 silly audit   tslib: [ '2.8.1', '1.14.1' ],
57 silly audit   tsutils: [ '3.21.0' ],
57 silly audit   'type-detect': [ '4.0.8' ],
57 silly audit   'type-is': [ '1.6.18' ],
57 silly audit   'typed-array-buffer': [ '1.0.3' ],
57 silly audit   'typed-array-byte-length': [ '1.0.3' ],
57 silly audit   'typed-array-byte-offset': [ '1.0.4' ],
57 silly audit   'typed-array-length': [ '1.0.7' ],
57 silly audit   'typedarray-to-buffer': [ '3.1.5' ],
57 silly audit   typescript: [ '4.9.5' ],
57 silly audit   'unbox-primitive': [ '1.1.0' ],
57 silly audit   underscore: [ '1.12.1' ],
57 silly audit   'undici-types': [ '7.10.0' ],
57 silly audit   'unicode-canonical-property-names-ecmascript': [ '2.0.1' ],
57 silly audit   'unicode-match-property-ecmascript': [ '2.0.0' ],
57 silly audit   'unicode-match-property-value-ecmascript': [ '2.2.1' ],
57 silly audit   'unicode-property-aliases-ecmascript': [ '2.1.0' ],
57 silly audit   'unique-string': [ '2.0.0' ],
57 silly audit   unpipe: [ '1.0.0' ],
57 silly audit   unquote: [ '1.1.1' ],
57 silly audit   upath: [ '1.2.0' ],
57 silly audit   'update-browserslist-db': [ '1.1.3' ],
57 silly audit   'uri-js': [ '4.4.1' ],
57 silly audit   'url-parse': [ '1.5.10' ],
57 silly audit   'util-deprecate': [ '1.0.2' ],
57 silly audit   'util.promisify': [ '1.0.1' ],
57 silly audit   utila: [ '0.4.0' ],
57 silly audit   'utils-merge': [ '1.0.1' ],
57 silly audit   uuid: [ '8.3.2' ],
57 silly audit   'v8-to-istanbul': [ '8.1.1' ],
57 silly audit   vary: [ '1.1.2' ],
57 silly audit   'w3c-hr-time': [ '1.0.2' ],
57 silly audit   'w3c-xmlserializer': [ '2.0.0' ],
57 silly audit   walker: [ '1.0.8' ],
57 silly audit   watchpack: [ '2.4.4' ],
57 silly audit   wbuf: [ '1.7.3' ],
57 silly audit   'web-vitals': [ '2.1.4' ],
57 silly audit   webpack: [ '5.101.3' ],
57 silly audit   'webpack-dev-middleware': [ '5.3.4' ],
57 silly audit   'webpack-dev-server': [ '4.15.2' ],
57 silly audit   ws: [ '8.18.3', '7.5.10' ],
57 silly audit   'webpack-manifest-plugin': [ '4.1.1' ],
57 silly audit   'webpack-sources': [ '2.3.1', '3.3.3', '1.4.3' ],
57 silly audit   'websocket-driver': [ '0.7.4' ],
57 silly audit   'websocket-extensions': [ '0.1.4' ],
57 silly audit   'whatwg-encoding': [ '1.0.5' ],
57 silly audit   'whatwg-fetch': [ '3.6.20' ],
57 silly audit   'whatwg-mimetype': [ '2.3.0' ],
57 silly audit   'whatwg-url': [ '8.7.0', '7.1.0' ],
57 silly audit   'which-boxed-primitive': [ '1.1.1' ],
57 silly audit   'which-builtin-type': [ '1.2.1' ],
57 silly audit   'which-collection': [ '1.0.2' ],
57 silly audit   'which-typed-array': [ '1.1.19' ],
57 silly audit   'word-wrap': [ '1.2.5' ],
57 silly audit   'workbox-background-sync': [ '6.6.0' ],
57 silly audit   'workbox-broadcast-update': [ '6.6.0' ],
57 silly audit   'workbox-build': [ '6.6.0' ],
57 silly audit   '@apideck/better-ajv-errors': [ '0.3.6' ],
57 silly audit   'workbox-cacheable-response': [ '6.6.0' ],
57 silly audit   'workbox-core': [ '6.6.0' ],
57 silly audit   'workbox-expiration': [ '6.6.0' ],
57 silly audit   'workbox-google-analytics': [ '6.6.0' ],
57 silly audit   'workbox-navigation-preload': [ '6.6.0' ],
57 silly audit   'workbox-precaching': [ '6.6.0' ],
57 silly audit   'workbox-range-requests': [ '6.6.0' ],
57 silly audit   'workbox-recipes': [ '6.6.0' ],
57 silly audit   'workbox-routing': [ '6.6.0' ],
57 silly audit   'workbox-strategies': [ '6.6.0' ],
57 silly audit   'workbox-streams': [ '6.6.0' ],
57 silly audit   'workbox-sw': [ '6.6.0' ],
57 silly audit   'workbox-webpack-plugin': [ '6.6.0' ],
57 silly audit   'workbox-window': [ '6.6.0' ],
57 silly audit   wrappy: [ '1.0.2' ],
57 silly audit   'write-file-atomic': [ '3.0.3' ],
57 silly audit   'xml-name-validator': [ '3.0.0' ],
57 silly audit   xmlchars: [ '2.2.0' ],
57 silly audit   y18n: [ '5.0.8' ],
57 silly audit   yargs: [ '16.2.0' ],
57 silly audit   'yargs-parser': [ '20.2.9' ],
57 silly audit   'yocto-queue': [ '0.1.0' ],
57 silly audit   '@tailwindcss/oxide-wasm32-wasi': [ '4.1.13' ]
57 silly audit }
58 verbose reify failed optional dependency /home/ubuntu/frontend/node_modules/lightningcss-win32-x64-msvc
59 silly reify mark deleted [ '/home/ubuntu/frontend/node_modules/lightningcss-win32-x64-msvc' ]
60 verbose reify failed optional dependency /home/ubuntu/frontend/node_modules/lightningcss-win32-arm64-msvc
61 silly reify mark deleted [ '/home/ubuntu/frontend/node_modules/lightningcss-win32-arm64-msvc' ]
62 verbose reify failed optional dependency /home/ubuntu/frontend/node_modules/lightningcss-linux-arm64-musl
63 silly reify mark deleted [ '/home/ubuntu/frontend/node_modules/lightningcss-linux-arm64-musl' ]
64 verbose reify failed optional dependency /home/ubuntu/frontend/node_modules/lightningcss-linux-arm64-gnu
65 silly reify mark deleted [ '/home/ubuntu/frontend/node_modules/lightningcss-linux-arm64-gnu' ]
66 verbose reify failed optional dependency /home/ubuntu/frontend/node_modules/lightningcss-linux-arm-gnueabihf
67 silly reify mark deleted [
67 silly reify   '/home/ubuntu/frontend/node_modules/lightningcss-linux-arm-gnueabihf'
67 silly reify ]
68 verbose reify failed optional dependency /home/ubuntu/frontend/node_modules/lightningcss-freebsd-x64
69 silly reify mark deleted [ '/home/ubuntu/frontend/node_modules/lightningcss-freebsd-x64' ]
70 verbose reify failed optional dependency /home/ubuntu/frontend/node_modules/lightningcss-darwin-x64
71 silly reify mark deleted [ '/home/ubuntu/frontend/node_modules/lightningcss-darwin-x64' ]
72 verbose reify failed optional dependency /home/ubuntu/frontend/node_modules/lightningcss-darwin-arm64
73 silly reify mark deleted [ '/home/ubuntu/frontend/node_modules/lightningcss-darwin-arm64' ]
74 verbose reify failed optional dependency /home/ubuntu/frontend/node_modules/fsevents
75 silly reify mark deleted [ '/home/ubuntu/frontend/node_modules/fsevents' ]
76 verbose reify failed optional dependency /home/ubuntu/frontend/node_modules/@tailwindcss/oxide-win32-x64-msvc
77 silly reify mark deleted [
77 silly reify   '/home/ubuntu/frontend/node_modules/@tailwindcss/oxide-win32-x64-msvc'
77 silly reify ]
78 verbose reify failed optional dependency /home/ubuntu/frontend/node_modules/@tailwindcss/oxide-win32-arm64-msvc
79 silly reify mark deleted [
79 silly reify   '/home/ubuntu/frontend/node_modules/@tailwindcss/oxide-win32-arm64-msvc'
79 silly reify ]
80 verbose reify failed optional dependency /home/ubuntu/frontend/node_modules/@tailwindcss/oxide-linux-arm64-musl
81 silly reify mark deleted [
81 silly reify   '/home/ubuntu/frontend/node_modules/@tailwindcss/oxide-linux-arm64-musl'
81 silly reify ]
82 verbose reify failed optional dependency /home/ubuntu/frontend/node_modules/@tailwindcss/oxide-linux-arm64-gnu
83 silly reify mark deleted [
83 silly reify   '/home/ubuntu/frontend/node_modules/@tailwindcss/oxide-linux-arm64-gnu'
83 silly reify ]
84 verbose reify failed optional dependency /home/ubuntu/frontend/node_modules/@tailwindcss/oxide-linux-arm-gnueabihf
85 silly reify mark deleted [
85 silly reify   '/home/ubuntu/frontend/node_modules/@tailwindcss/oxide-linux-arm-gnueabihf'
85 silly reify ]
86 verbose reify failed optional dependency /home/ubuntu/frontend/node_modules/@tailwindcss/oxide-freebsd-x64
87 silly reify mark deleted [ '/home/ubuntu/frontend/node_modules/@tailwindcss/oxide-freebsd-x64' ]
88 verbose reify failed optional dependency /home/ubuntu/frontend/node_modules/@tailwindcss/oxide-darwin-x64
89 silly reify mark deleted [ '/home/ubuntu/frontend/node_modules/@tailwindcss/oxide-darwin-x64' ]
90 verbose reify failed optional dependency /home/ubuntu/frontend/node_modules/@tailwindcss/oxide-darwin-arm64
91 silly reify mark deleted [
91 silly reify   '/home/ubuntu/frontend/node_modules/@tailwindcss/oxide-darwin-arm64'
91 silly reify ]
92 verbose reify failed optional dependency /home/ubuntu/frontend/node_modules/@tailwindcss/oxide-android-arm64
93 silly reify mark deleted [
93 silly reify   '/home/ubuntu/frontend/node_modules/@tailwindcss/oxide-android-arm64'
93 silly reify ]
94 timing reifyNode:node_modules/lightningcss-win32-x64-msvc Completed in 55ms
95 timing reifyNode:node_modules/lightningcss-win32-arm64-msvc Completed in 54ms
96 timing reifyNode:node_modules/lightningcss-linux-arm64-musl Completed in 54ms
97 timing reifyNode:node_modules/lightningcss-linux-arm64-gnu Completed in 54ms
98 timing reifyNode:node_modules/lightningcss-linux-arm-gnueabihf Completed in 54ms
99 timing reifyNode:node_modules/lightningcss-freebsd-x64 Completed in 54ms
100 timing reifyNode:node_modules/lightningcss-darwin-x64 Completed in 54ms
101 timing reifyNode:node_modules/lightningcss-darwin-arm64 Completed in 53ms
102 timing reifyNode:node_modules/fsevents Completed in 52ms
103 timing reifyNode:node_modules/@tailwindcss/oxide-win32-x64-msvc Completed in 52ms
104 timing reifyNode:node_modules/@tailwindcss/oxide-win32-arm64-msvc Completed in 52ms
105 timing reifyNode:node_modules/@tailwindcss/oxide-linux-arm64-musl Completed in 52ms
106 timing reifyNode:node_modules/@tailwindcss/oxide-linux-arm64-gnu Completed in 52ms
107 timing reifyNode:node_modules/@tailwindcss/oxide-linux-arm-gnueabihf Completed in 52ms
108 timing reifyNode:node_modules/@tailwindcss/oxide-freebsd-x64 Completed in 51ms
109 timing reifyNode:node_modules/@tailwindcss/oxide-darwin-x64 Completed in 51ms
110 timing reifyNode:node_modules/@tailwindcss/oxide-darwin-arm64 Completed in 51ms
111 timing reifyNode:node_modules/@tailwindcss/oxide-android-arm64 Completed in 51ms
112 timing reify:unpack Completed in 56ms
113 timing reify:unretire Completed in 0ms
114 timing build:queue Completed in 12ms
115 timing build:deps Completed in 13ms
116 timing build Completed in 13ms
117 timing reify:build Completed in 13ms
118 timing reify:trash Completed in 3ms
119 timing reify:save Completed in 422ms
120 http fetch POST 200 https://registry.npmjs.org/-/npm/v1/security/advisories/bulk 808ms
121 timing auditReport:getReport Completed in 825ms
122 silly audit report {
122 silly audit report   'nth-check': [
122 silly audit report     {
122 silly audit report       id: 1095141,
122 silly audit report       url: 'https://github.com/advisories/GHSA-rp65-9cf3-cjxr',
122 silly audit report       title: 'Inefficient Regular Expression Complexity in nth-check',
122 silly audit report       severity: 'high',
122 silly audit report       vulnerable_versions: '<2.0.1',
122 silly audit report       cwe: [Array],
122 silly audit report       cvss: [Object]
122 silly audit report     }
122 silly audit report   ],
122 silly audit report   postcss: [
122 silly audit report     {
122 silly audit report       id: 1094544,
122 silly audit report       url: 'https://github.com/advisories/GHSA-7fh5-64p2-3v2j',
122 silly audit report       title: 'PostCSS line return parsing error',
122 silly audit report       severity: 'moderate',
122 silly audit report       vulnerable_versions: '<8.4.31',
122 silly audit report       cwe: [Array],
122 silly audit report       cvss: [Object]
122 silly audit report     }
122 silly audit report   ],
122 silly audit report   'webpack-dev-server': [
122 silly audit report     {
122 silly audit report       id: 1105256,
122 silly audit report       url: 'https://github.com/advisories/GHSA-9jgg-88mc-972h',
122 silly audit report       title: "webpack-dev-server users' source code may be stolen when they access a malicious web site with non-Chromium based browser",
122 silly audit report       severity: 'moderate',
122 silly audit report       vulnerable_versions: '<=5.2.0',
122 silly audit report       cwe: [Array],
122 silly audit report       cvss: [Object]
122 silly audit report     },
122 silly audit report     {
122 silly audit report       id: 1105257,
122 silly audit report       url: 'https://github.com/advisories/GHSA-4v9v-hfq4-rm2v',
122 silly audit report       title: "webpack-dev-server users' source code may be stolen when they access a malicious web site",
122 silly audit report       severity: 'moderate',
122 silly audit report       vulnerable_versions: '<=5.2.0',
122 silly audit report       cwe: [Array],
122 silly audit report       cvss: [Object]
122 silly audit report     }
122 silly audit report   ]
122 silly audit report }
123 timing metavuln:cache:get:security-advisory:nth-check:u9kIbs88jjqPq0zHVBinwei/KZ5GCRRfUp85vuDQlT/Si01qI5XVVQOSRujFCbyFsnHqETob3CApPmYQZ74K2A== Completed in 10ms
124 timing metavuln:cache:get:security-advisory:postcss:ylHlqxOD5gx7vcQurwTZyQHJsodRCM2yV95izcDPSahj+DDa6IEdlDh7BWAlf7fDDEd+NyVQHm50pHmcApHI4w== Completed in 9ms
125 timing metavuln:cache:get:security-advisory:webpack-dev-server:Z7AjNusKl1CgBZPCPTItg7KHh+BhgGHeWH0S+sBeqHqZs6dIK6PrrIf3i8QOPOIxSjzxXTMcMmEB2czw7D5FmQ== Completed in 9ms
126 timing metavuln:cache:get:security-advisory:webpack-dev-server:puhljcRntNlKhY0rTSto+zi31YOKastUQmvjyoKmDPVNVEqQcqVcjyYJCIa0t/JsSwbDYktSwzSNqVW8Px/nEA== Completed in 9ms
127 http fetch GET 200 https://registry.npmjs.org/nth-check 29ms (cache hit)
128 timing metavuln:packument:nth-check Completed in 30ms
129 timing metavuln:load:security-advisory:nth-check:1095141 Completed in 1ms
130 timing metavuln:calculate:security-advisory:nth-check:1095141 Completed in 33ms
131 http fetch GET 200 https://registry.npmjs.org/webpack-dev-server 60ms (cache revalidated)
132 timing metavuln:packument:webpack-dev-server Completed in 67ms
133 timing metavuln:load:security-advisory:webpack-dev-server:1105256 Completed in 2ms
134 timing metavuln:calculate:security-advisory:webpack-dev-server:1105256 Completed in 70ms
135 timing metavuln:load:security-advisory:webpack-dev-server:1105257 Completed in 3ms
136 timing metavuln:calculate:security-advisory:webpack-dev-server:1105257 Completed in 73ms
137 http fetch GET 200 https://registry.npmjs.org/postcss 78ms (cache revalidated)
138 timing metavuln:packument:postcss Completed in 84ms
139 timing metavuln:load:security-advisory:postcss:1094544 Completed in 1ms
140 timing metavuln:calculate:security-advisory:postcss:1094544 Completed in 85ms
141 timing metavuln:cache:get:security-advisory:css-select:SLFoDCntvPIX7nfh4g/iCe2/KeoLVy5CIo+Vtscwot4QJeqx55N/LgyavNwRLdiV5D/6y18tMpVEodIgf/9HMA== Completed in 1ms
142 http fetch GET 200 https://registry.npmjs.org/css-select 5ms (cache hit)
143 timing metavuln:packument:css-select Completed in 6ms
144 timing metavuln:load:security-advisory:css-select:u9kIbs88jjqPq0zHVBinwei/KZ5GCRRfUp85vuDQlT/Si01qI5XVVQOSRujFCbyFsnHqETob3CApPmYQZ74K2A== Completed in 0ms
145 timing metavuln:calculate:security-advisory:css-select:u9kIbs88jjqPq0zHVBinwei/KZ5GCRRfUp85vuDQlT/Si01qI5XVVQOSRujFCbyFsnHqETob3CApPmYQZ74K2A== Completed in 6ms
146 timing metavuln:cache:get:security-advisory:resolve-url-loader:NMmXK6xVhonFWyuVjVZvtHCgDtIj2Xt/NObjzI+nKFgCMVK0SPWnlUyO5ZfDMa1dK6KZVYB4z5/E6SGUubEZmA== Completed in 2ms
147 http fetch GET 200 https://registry.npmjs.org/resolve-url-loader 22ms (cache revalidated)
148 timing metavuln:packument:resolve-url-loader Completed in 23ms
149 timing metavuln:load:security-advisory:resolve-url-loader:ylHlqxOD5gx7vcQurwTZyQHJsodRCM2yV95izcDPSahj+DDa6IEdlDh7BWAlf7fDDEd+NyVQHm50pHmcApHI4w== Completed in 1ms
150 timing metavuln:calculate:security-advisory:resolve-url-loader:ylHlqxOD5gx7vcQurwTZyQHJsodRCM2yV95izcDPSahj+DDa6IEdlDh7BWAlf7fDDEd+NyVQHm50pHmcApHI4w== Completed in 24ms
151 timing metavuln:cache:get:security-advisory:@pmmmwh/react-refresh-webpack-plugin:d/fNnxq57jDHa7YIrKp9f5BQ9ywJdUUkwNLwKklTVceHnzA8HzVEuzgAfsN/5AW0Dmb8hm18Sv0kKaNuBKPJ0g== Completed in 6ms
152 timing metavuln:cache:get:security-advisory:react-scripts:HOx7uJgd8zagssmnMeq1umqLRNfvqTgHh0T2xpM1KzywEwvSluXQm/nLLZWEXzKURF+92ocCOJaDshdAIXDC7A== Completed in 6ms
153 http fetch GET 200 https://registry.npmjs.org/react-scripts 34ms (cache revalidated)
154 timing metavuln:packument:react-scripts Completed in 40ms
155 timing metavuln:load:security-advisory:react-scripts:Z7AjNusKl1CgBZPCPTItg7KHh+BhgGHeWH0S+sBeqHqZs6dIK6PrrIf3i8QOPOIxSjzxXTMcMmEB2czw7D5FmQ== Completed in 1ms
156 timing metavuln:calculate:security-advisory:react-scripts:Z7AjNusKl1CgBZPCPTItg7KHh+BhgGHeWH0S+sBeqHqZs6dIK6PrrIf3i8QOPOIxSjzxXTMcMmEB2czw7D5FmQ== Completed in 41ms
157 http fetch GET 200 https://registry.npmjs.org/@pmmmwh%2freact-refresh-webpack-plugin 49ms (cache revalidated)
158 timing metavuln:packument:@pmmmwh/react-refresh-webpack-plugin Completed in 52ms
159 timing metavuln:load:security-advisory:@pmmmwh/react-refresh-webpack-plugin:Z7AjNusKl1CgBZPCPTItg7KHh+BhgGHeWH0S+sBeqHqZs6dIK6PrrIf3i8QOPOIxSjzxXTMcMmEB2czw7D5FmQ== Completed in 1ms
160 timing metavuln:calculate:security-advisory:@pmmmwh/react-refresh-webpack-plugin:Z7AjNusKl1CgBZPCPTItg7KHh+BhgGHeWH0S+sBeqHqZs6dIK6PrrIf3i8QOPOIxSjzxXTMcMmEB2czw7D5FmQ== Completed in 53ms
161 timing metavuln:cache:get:security-advisory:svgo:XUKKCUuEIfThVsBLy+oF8GyP7lxkVuLkW//+NY5/KIf8QcWHSFuyi5ASrjDctKGKZ6oI4iYXN2mfMc9AZn06XQ== Completed in 3ms
162 http fetch GET 200 https://registry.npmjs.org/svgo 22ms (cache revalidated)
163 timing metavuln:packument:svgo Completed in 25ms
164 timing metavuln:load:security-advisory:svgo:SLFoDCntvPIX7nfh4g/iCe2/KeoLVy5CIo+Vtscwot4QJeqx55N/LgyavNwRLdiV5D/6y18tMpVEodIgf/9HMA== Completed in 0ms
165 timing metavuln:calculate:security-advisory:svgo:SLFoDCntvPIX7nfh4g/iCe2/KeoLVy5CIo+Vtscwot4QJeqx55N/LgyavNwRLdiV5D/6y18tMpVEodIgf/9HMA== Completed in 25ms
166 timing metavuln:cache:get:security-advisory:react-scripts:kKU8uM+qTtInubgYQrn1Pxn81QMWKfkCDfIZjup8wyMg7BSnoJIdXRXTKPG7RjTojqBqBxvALJQnSFxA9BPZoA== Completed in 1ms
167 timing metavuln:load:security-advisory:react-scripts:NMmXK6xVhonFWyuVjVZvtHCgDtIj2Xt/NObjzI+nKFgCMVK0SPWnlUyO5ZfDMa1dK6KZVYB4z5/E6SGUubEZmA== Completed in 0ms
168 timing metavuln:calculate:security-advisory:react-scripts:NMmXK6xVhonFWyuVjVZvtHCgDtIj2Xt/NObjzI+nKFgCMVK0SPWnlUyO5ZfDMa1dK6KZVYB4z5/E6SGUubEZmA== Completed in 3ms
169 timing metavuln:cache:get:security-advisory:@svgr/plugin-svgo:EsuzSbf7+Y+7kKOmijkK+GD/doYYcoKZ2epSaSjuMjK3D5MenoOfnownHNwRmdBZcaR1NsuBUK35WDllW+AMMw== Completed in 5ms
170 http fetch GET 200 https://registry.npmjs.org/@svgr%2fplugin-svgo 223ms (cache revalidated)
171 timing metavuln:packument:@svgr/plugin-svgo Completed in 224ms
172 timing metavuln:load:security-advisory:@svgr/plugin-svgo:XUKKCUuEIfThVsBLy+oF8GyP7lxkVuLkW//+NY5/KIf8QcWHSFuyi5ASrjDctKGKZ6oI4iYXN2mfMc9AZn06XQ== Completed in 0ms
173 timing metavuln:calculate:security-advisory:@svgr/plugin-svgo:XUKKCUuEIfThVsBLy+oF8GyP7lxkVuLkW//+NY5/KIf8QcWHSFuyi5ASrjDctKGKZ6oI4iYXN2mfMc9AZn06XQ== Completed in 225ms
174 timing metavuln:cache:get:security-advisory:@svgr/webpack:IqnIHrynVlqAtMhtysIZT7fFR47WkNiVdS0bltwMCNwW6AuOVEGK8Ns3UrtOyzCH0k8s8awx0D1vcr5HtSiaPw== Completed in 2ms
175 http fetch GET 200 https://registry.npmjs.org/@svgr%2fwebpack 44ms (cache revalidated)
176 timing metavuln:packument:@svgr/webpack Completed in 46ms
177 timing metavuln:load:security-advisory:@svgr/webpack:EsuzSbf7+Y+7kKOmijkK+GD/doYYcoKZ2epSaSjuMjK3D5MenoOfnownHNwRmdBZcaR1NsuBUK35WDllW+AMMw== Completed in 0ms
178 timing metavuln:calculate:security-advisory:@svgr/webpack:EsuzSbf7+Y+7kKOmijkK+GD/doYYcoKZ2epSaSjuMjK3D5MenoOfnownHNwRmdBZcaR1NsuBUK35WDllW+AMMw== Completed in 46ms
179 timing metavuln:cache:get:security-advisory:react-scripts:Oynm4f28m7wqpHeAVQPAu6HUX0KhswQORZBCdzEDs2/Qk227PWimoI5yjY/d79GoOSw+zJpJ6uMhVBngEzK4zQ== Completed in 2ms
180 timing metavuln:load:security-advisory:react-scripts:IqnIHrynVlqAtMhtysIZT7fFR47WkNiVdS0bltwMCNwW6AuOVEGK8Ns3UrtOyzCH0k8s8awx0D1vcr5HtSiaPw== Completed in 1ms
181 timing metavuln:calculate:security-advisory:react-scripts:IqnIHrynVlqAtMhtysIZT7fFR47WkNiVdS0bltwMCNwW6AuOVEGK8Ns3UrtOyzCH0k8s8awx0D1vcr5HtSiaPw== Completed in 3ms
182 timing auditReport:init Completed in 502ms
183 timing reify:audit Completed in 1329ms
184 timing reify Completed in 3685ms
185 silly ADD
186 silly ADD
187 silly ADD
188 silly ADD
189 silly ADD
190 silly ADD
191 silly ADD
192 silly ADD
193 silly ADD
194 silly ADD
195 silly ADD
196 silly ADD
197 silly ADD
198 silly ADD
199 silly ADD
200 silly ADD
201 silly ADD
202 silly ADD
203 silly ADD
204 timing command:uninstall Completed in 3715ms
205 verbose exit 0
206 timing npm Completed in 3779ms
207 info ok
