0 verbose cli /usr/bin/node /usr/bin/npm
1 info using npm@9.2.0
2 info using node@v18.19.1
3 timing npm:load:whichnode Completed in 0ms
4 timing config:load:defaults Completed in 3ms
5 timing config:load:file:/usr/share/nodejs/npm/npmrc Completed in 5ms
6 timing config:load:builtin Completed in 5ms
7 timing config:load:cli Completed in 2ms
8 timing config:load:env Completed in 1ms
9 timing config:load:file:/home/ubuntu/backend/.npmrc Completed in 0ms
10 timing config:load:project Completed in 2ms
11 timing config:load:file:/home/ubuntu/.npmrc Completed in 0ms
12 timing config:load:user Completed in 1ms
13 timing config:load:file:/etc/npmrc Completed in 0ms
14 timing config:load:global Completed in 0ms
15 timing config:load:setEnvs Completed in 1ms
16 timing config:load Completed in 16ms
17 timing npm:load:configload Completed in 16ms
18 timing npm:load:mkdirpcache Completed in 0ms
19 timing npm:load:mkdirplogs Completed in 0ms
20 verbose title npm install express mysql2 cors bcrypt jsonwebtoken
21 verbose argv "install" "express" "mysql2" "cors" "bcrypt" "jsonwebtoken"
22 timing npm:load:setTitle Completed in 3ms
23 timing config:load:flatten Completed in 5ms
24 timing npm:load:display Completed in 6ms
25 verbose logfile logs-max:10 dir:/home/ubuntu/.npm/_logs/2025-09-11T00_17_58_276Z-
26 verbose logfile /home/ubuntu/.npm/_logs/2025-09-11T00_17_58_276Z-debug-0.log
27 timing npm:load:logFile Completed in 8ms
28 timing npm:load:timers Completed in 0ms
29 timing npm:load:configScope Completed in 0ms
30 timing npm:load Completed in 36ms
31 silly logfile start cleaning logs, removing 1 files
32 timing config:load:flatten Completed in 1ms
33 timing arborist:ctor Completed in 0ms
34 silly logfile done cleaning log files
35 timing arborist:ctor Completed in 0ms
36 timing idealTree:init Completed in 13ms
37 timing idealTree:userRequests Completed in 6ms
38 silly idealTree buildDeps
39 silly fetch manifest express@*
40 http fetch GET 200 https://registry.npmjs.org/express 113ms (cache revalidated)
41 silly fetch manifest mysql2@*
42 http fetch GET 200 https://registry.npmjs.org/mysql2 50ms (cache miss)
43 silly fetch manifest cors@*
44 http fetch GET 200 https://registry.npmjs.org/cors 29ms (cache miss)
45 silly fetch manifest bcrypt@*
46 http fetch GET 200 https://registry.npmjs.org/bcrypt 30ms (cache miss)
47 silly fetch manifest jsonwebtoken@*
48 http fetch GET 200 https://registry.npmjs.org/jsonwebtoken 25ms (cache miss)
49 silly placeDep ROOT bcrypt@6.0.0 OK for:  want: *
50 silly placeDep ROOT cors@2.8.5 OK for:  want: *
51 silly placeDep ROOT express@5.1.0 OK for:  want: *
52 silly placeDep ROOT jsonwebtoken@9.0.2 OK for:  want: *
53 silly placeDep ROOT mysql2@3.14.5 OK for:  want: *
54 silly fetch manifest node-addon-api@^8.3.0
55 silly fetch manifest node-gyp-build@^4.8.4
56 silly fetch manifest vary@^1
57 silly fetch manifest object-assign@^4
58 silly fetch manifest qs@^6.14.0
59 silly fetch manifest etag@^1.8.1
60 silly fetch manifest once@^1.4.0
61 silly fetch manifest send@^1.1.0
62 silly fetch manifest vary@^1.1.2
63 silly fetch manifest debug@^4.4.0
64 silly fetch manifest fresh@^2.0.0
65 silly fetch manifest cookie@^0.7.1
66 silly fetch manifest router@^2.2.0
67 silly fetch manifest accepts@^2.0.0
68 silly fetch manifest type-is@^2.0.1
69 silly fetch manifest parseurl@^1.3.3
70 silly fetch manifest statuses@^2.0.1
71 silly fetch manifest encodeurl@^2.0.0
72 silly fetch manifest mime-types@^3.0.0
73 silly fetch manifest proxy-addr@^2.0.7
74 silly fetch manifest body-parser@^2.2.0
75 silly fetch manifest escape-html@^1.0.3
76 silly fetch manifest http-errors@^2.0.0
77 silly fetch manifest on-finished@^2.4.1
78 silly fetch manifest content-type@^1.0.5
79 silly fetch manifest finalhandler@^2.1.0
80 silly fetch manifest range-parser@^1.2.1
81 silly fetch manifest serve-static@^2.2.0
82 silly fetch manifest cookie-signature@^1.2.1
83 silly fetch manifest merge-descriptors@^2.0.0
84 silly fetch manifest content-disposition@^1.0.0
85 silly fetch manifest ms@^2.1.1
86 silly fetch manifest jws@^3.2.2
87 silly fetch manifest semver@^7.5.4
88 silly fetch manifest lodash.once@^4.0.0
89 silly fetch manifest lodash.includes@^4.3.0
90 silly fetch manifest lodash.isnumber@^3.0.3
91 silly fetch manifest lodash.isstring@^4.0.1
92 silly fetch manifest lodash.isboolean@^3.0.3
93 silly fetch manifest lodash.isinteger@^4.0.4
94 silly fetch manifest lodash.isplainobject@^4.0.6
95 silly fetch manifest long@^5.2.1
96 silly fetch manifest denque@^2.1.0
97 silly fetch manifest lru.min@^1.0.0
98 silly fetch manifest seq-queue@^0.0.5
99 silly fetch manifest sqlstring@^2.3.2
100 silly fetch manifest iconv-lite@^0.7.0
101 silly fetch manifest aws-ssl-profiles@^1.1.1
102 silly fetch manifest generate-function@^2.3.1
103 silly fetch manifest named-placeholders@^1.1.3
104 http fetch GET 200 https://registry.npmjs.org/sqlstring 153ms (cache miss)
105 http fetch GET 200 https://registry.npmjs.org/node-addon-api 257ms (cache miss)
106 http fetch GET 200 https://registry.npmjs.org/lodash.once 233ms (cache miss)
107 http fetch GET 200 https://registry.npmjs.org/lodash.isstring 231ms (cache miss)
108 http fetch GET 200 https://registry.npmjs.org/lodash.includes 235ms (cache miss)
109 http fetch GET 200 https://registry.npmjs.org/seq-queue 244ms (cache miss)
110 http fetch GET 200 https://registry.npmjs.org/lodash.isinteger 248ms (cache miss)
111 http fetch GET 200 https://registry.npmjs.org/vary 289ms (cache revalidated)
112 http fetch GET 200 https://registry.npmjs.org/object-assign 288ms (cache revalidated)
113 http fetch GET 200 https://registry.npmjs.org/qs 289ms (cache revalidated)
114 http fetch GET 200 https://registry.npmjs.org/vary 288ms (cache revalidated)
115 http fetch GET 200 https://registry.npmjs.org/send 289ms (cache revalidated)
116 http fetch GET 200 https://registry.npmjs.org/debug 289ms (cache revalidated)
117 http fetch GET 200 https://registry.npmjs.org/once 292ms (cache revalidated)
118 http fetch GET 200 https://registry.npmjs.org/etag 294ms (cache revalidated)
119 http fetch GET 200 https://registry.npmjs.org/fresh 292ms (cache revalidated)
120 http fetch GET 200 https://registry.npmjs.org/type-is 291ms (cache revalidated)
121 http fetch GET 200 https://registry.npmjs.org/accepts 293ms (cache revalidated)
122 http fetch GET 200 https://registry.npmjs.org/cookie 294ms (cache revalidated)
123 http fetch GET 200 https://registry.npmjs.org/jws 280ms (cache miss)
124 http fetch GET 200 https://registry.npmjs.org/lodash.isplainobject 275ms (cache miss)
125 http fetch GET 200 https://registry.npmjs.org/named-placeholders 264ms (cache miss)
126 http fetch GET 200 https://registry.npmjs.org/lodash.isboolean 278ms (cache miss)
127 http fetch GET 200 https://registry.npmjs.org/parseurl 299ms (cache revalidated)
128 http fetch GET 200 https://registry.npmjs.org/mime-types 302ms (cache revalidated)
129 http fetch GET 200 https://registry.npmjs.org/generate-function 275ms (cache miss)
130 http fetch GET 200 https://registry.npmjs.org/statuses 308ms (cache revalidated)
131 http fetch GET 200 https://registry.npmjs.org/encodeurl 310ms (cache revalidated)
132 http fetch GET 200 https://registry.npmjs.org/body-parser 309ms (cache revalidated)
133 http fetch GET 200 https://registry.npmjs.org/long 306ms (cache miss)
134 http fetch GET 200 https://registry.npmjs.org/escape-html 327ms (cache revalidated)
135 http fetch GET 200 https://registry.npmjs.org/proxy-addr 329ms (cache revalidated)
136 http fetch GET 200 https://registry.npmjs.org/lodash.isnumber 318ms (cache miss)
137 http fetch GET 200 https://registry.npmjs.org/denque 315ms (cache miss)
138 http fetch GET 200 https://registry.npmjs.org/http-errors 334ms (cache revalidated)
139 http fetch GET 200 https://registry.npmjs.org/on-finished 333ms (cache revalidated)
140 http fetch GET 200 https://registry.npmjs.org/range-parser 332ms (cache revalidated)
141 http fetch GET 200 https://registry.npmjs.org/finalhandler 332ms (cache revalidated)
142 http fetch GET 200 https://registry.npmjs.org/node-gyp-build 349ms (cache miss)
143 http fetch GET 200 https://registry.npmjs.org/router 343ms (cache miss)
144 http fetch GET 200 https://registry.npmjs.org/semver 327ms (cache revalidated)
145 http fetch GET 200 https://registry.npmjs.org/serve-static 335ms (cache revalidated)
146 http fetch GET 200 https://registry.npmjs.org/cookie-signature 332ms (cache revalidated)
147 http fetch GET 200 https://registry.npmjs.org/merge-descriptors 333ms (cache revalidated)
148 http fetch GET 200 https://registry.npmjs.org/iconv-lite 320ms (cache revalidated)
149 http fetch GET 200 https://registry.npmjs.org/ms 332ms (cache revalidated)
150 http fetch GET 200 https://registry.npmjs.org/content-disposition 334ms (cache revalidated)
151 http fetch GET 200 https://registry.npmjs.org/content-type 342ms (cache revalidated)
152 http fetch GET 200 https://registry.npmjs.org/lru.min 890ms (cache miss)
153 http fetch GET 200 https://registry.npmjs.org/aws-ssl-profiles 898ms (cache miss)
154 timing idealTree:#root Completed in 1226ms
155 silly placeDep ROOT node-addon-api@8.5.0 OK for: bcrypt@6.0.0 want: ^8.3.0
156 silly placeDep ROOT node-gyp-build@4.8.4 OK for: bcrypt@6.0.0 want: ^4.8.4
157 timing idealTree:node_modules/bcrypt Completed in 3ms
158 silly placeDep ROOT object-assign@4.1.1 OK for: cors@2.8.5 want: ^4
159 silly placeDep ROOT vary@1.1.2 OK for: cors@2.8.5 want: ^1
160 timing idealTree:node_modules/cors Completed in 4ms
161 silly placeDep ROOT accepts@2.0.0 OK for: express@5.1.0 want: ^2.0.0
162 silly placeDep ROOT body-parser@2.2.0 OK for: express@5.1.0 want: ^2.2.0
163 silly placeDep ROOT content-disposition@1.0.0 OK for: express@5.1.0 want: ^1.0.0
164 silly placeDep ROOT content-type@1.0.5 OK for: express@5.1.0 want: ^1.0.5
165 silly placeDep ROOT cookie@0.7.2 OK for: express@5.1.0 want: ^0.7.1
166 silly placeDep ROOT cookie-signature@1.2.2 OK for: express@5.1.0 want: ^1.2.1
167 silly placeDep ROOT debug@4.4.1 OK for: express@5.1.0 want: ^4.4.0
168 silly placeDep ROOT encodeurl@2.0.0 OK for: express@5.1.0 want: ^2.0.0
169 silly placeDep ROOT escape-html@1.0.3 OK for: express@5.1.0 want: ^1.0.3
170 silly placeDep ROOT etag@1.8.1 OK for: express@5.1.0 want: ^1.8.1
171 silly placeDep ROOT finalhandler@2.1.0 OK for: express@5.1.0 want: ^2.1.0
172 silly placeDep ROOT fresh@2.0.0 OK for: express@5.1.0 want: ^2.0.0
173 silly placeDep ROOT http-errors@2.0.0 OK for: express@5.1.0 want: ^2.0.0
174 silly placeDep ROOT merge-descriptors@2.0.0 OK for: express@5.1.0 want: ^2.0.0
175 silly placeDep ROOT mime-types@3.0.1 OK for: express@5.1.0 want: ^3.0.0
176 silly placeDep ROOT on-finished@2.4.1 OK for: express@5.1.0 want: ^2.4.1
177 silly placeDep ROOT once@1.4.0 OK for: express@5.1.0 want: ^1.4.0
178 silly placeDep ROOT parseurl@1.3.3 OK for: express@5.1.0 want: ^1.3.3
179 silly placeDep ROOT proxy-addr@2.0.7 OK for: express@5.1.0 want: ^2.0.7
180 silly placeDep ROOT qs@6.14.0 OK for: express@5.1.0 want: ^6.14.0
181 silly placeDep ROOT range-parser@1.2.1 OK for: express@5.1.0 want: ^1.2.1
182 silly placeDep ROOT router@2.2.0 OK for: express@5.1.0 want: ^2.2.0
183 silly placeDep ROOT send@1.2.0 OK for: express@5.1.0 want: ^1.1.0
184 silly placeDep ROOT serve-static@2.2.0 OK for: express@5.1.0 want: ^2.2.0
185 silly placeDep ROOT statuses@2.0.2 OK for: express@5.1.0 want: ^2.0.1
186 silly placeDep ROOT type-is@2.0.1 OK for: express@5.1.0 want: ^2.0.1
187 silly fetch manifest negotiator@^1.0.0
188 silly fetch manifest bytes@^3.1.2
189 silly fetch manifest iconv-lite@^0.6.3
190 silly fetch manifest raw-body@^3.0.0
191 silly fetch manifest safe-buffer@5.2.1
192 silly fetch manifest ms@^2.1.3
193 silly fetch manifest depd@2.0.0
194 silly fetch manifest inherits@2.0.4
195 silly fetch manifest statuses@2.0.1
196 silly fetch manifest toidentifier@1.0.1
197 silly fetch manifest setprototypeof@1.2.0
198 silly fetch manifest mime-db@^1.54.0
199 silly fetch manifest ee-first@1.1.1
200 silly fetch manifest wrappy@1
201 silly fetch manifest forwarded@0.2.0
202 silly fetch manifest ipaddr.js@1.9.1
203 silly fetch manifest side-channel@^1.1.0
204 silly fetch manifest depd@^2.0.0
205 silly fetch manifest is-promise@^4.0.0
206 silly fetch manifest path-to-regexp@^8.0.0
207 silly fetch manifest media-typer@^1.1.0
208 http fetch GET 200 https://registry.npmjs.org/mime-db 76ms (cache revalidated)
209 http fetch GET 200 https://registry.npmjs.org/toidentifier 79ms (cache revalidated)
210 http fetch GET 200 https://registry.npmjs.org/wrappy 77ms (cache revalidated)
211 http fetch GET 200 https://registry.npmjs.org/ee-first 78ms (cache revalidated)
212 http fetch GET 200 https://registry.npmjs.org/setprototypeof 80ms (cache revalidated)
213 http fetch GET 200 https://registry.npmjs.org/negotiator 88ms (cache revalidated)
214 http fetch GET 200 https://registry.npmjs.org/safe-buffer 85ms (cache revalidated)
215 http fetch GET 200 https://registry.npmjs.org/bytes 88ms (cache revalidated)
216 http fetch GET 200 https://registry.npmjs.org/raw-body 87ms (cache revalidated)
217 http fetch GET 200 https://registry.npmjs.org/is-promise 81ms (cache miss)
218 http fetch GET 200 https://registry.npmjs.org/forwarded 91ms (cache revalidated)
219 http fetch GET 200 https://registry.npmjs.org/inherits 97ms (cache revalidated)
220 http fetch GET 200 https://registry.npmjs.org/ipaddr.js 97ms (cache revalidated)
221 http fetch GET 200 https://registry.npmjs.org/side-channel 97ms (cache revalidated)
222 http fetch GET 200 https://registry.npmjs.org/depd 104ms (cache revalidated)
223 http fetch GET 200 https://registry.npmjs.org/path-to-regexp 98ms (cache revalidated)
224 http fetch GET 200 https://registry.npmjs.org/depd 103ms (cache revalidated)
225 http fetch GET 200 https://registry.npmjs.org/media-typer 102ms (cache revalidated)
226 timing idealTree:node_modules/express Completed in 160ms
227 silly placeDep ROOT negotiator@1.0.0 OK for: accepts@2.0.0 want: ^1.0.0
228 timing idealTree:node_modules/accepts Completed in 7ms
229 silly placeDep ROOT bytes@3.1.2 OK for: body-parser@2.2.0 want: ^3.1.2
230 silly placeDep ROOT iconv-lite@0.6.3 OK for: body-parser@2.2.0 want: ^0.6.3
231 silly placeDep ROOT raw-body@3.0.1 OK for: body-parser@2.2.0 want: ^3.0.0
232 silly fetch manifest safer-buffer@>= 2.1.2 < 3.0.0
233 silly fetch manifest iconv-lite@0.7.0
234 silly fetch manifest unpipe@1.0.0
235 http fetch GET 200 https://registry.npmjs.org/safer-buffer 43ms (cache revalidated)
236 http fetch GET 200 https://registry.npmjs.org/unpipe 45ms (cache revalidated)
237 timing idealTree:node_modules/body-parser Completed in 58ms
238 timing idealTree:node_modules/bytes Completed in 0ms
239 silly placeDep ROOT safe-buffer@5.2.1 OK for: content-disposition@1.0.0 want: 5.2.1
240 timing idealTree:node_modules/content-disposition Completed in 1ms
241 timing idealTree:node_modules/content-type Completed in 0ms
242 timing idealTree:node_modules/cookie Completed in 0ms
243 timing idealTree:node_modules/cookie-signature Completed in 0ms
244 silly placeDep ROOT ms@2.1.3 OK for: debug@4.4.1 want: ^2.1.3
245 timing idealTree:node_modules/debug Completed in 1ms
246 timing idealTree:node_modules/encodeurl Completed in 0ms
247 timing idealTree:node_modules/escape-html Completed in 0ms
248 timing idealTree:node_modules/etag Completed in 0ms
249 timing idealTree:node_modules/finalhandler Completed in 0ms
250 timing idealTree:node_modules/fresh Completed in 0ms
251 silly placeDep ROOT depd@2.0.0 OK for: http-errors@2.0.0 want: 2.0.0
252 silly placeDep ROOT inherits@2.0.4 OK for: http-errors@2.0.0 want: 2.0.4
253 silly placeDep ROOT setprototypeof@1.2.0 OK for: http-errors@2.0.0 want: 1.2.0
254 silly placeDep node_modules/http-errors statuses@2.0.1 OK for: http-errors@2.0.0 want: 2.0.1
255 silly placeDep ROOT toidentifier@1.0.1 OK for: http-errors@2.0.0 want: 1.0.1
256 timing idealTree:node_modules/http-errors Completed in 6ms
257 timing idealTree:node_modules/depd Completed in 0ms
258 silly placeDep ROOT safer-buffer@2.1.2 OK for: iconv-lite@0.6.3 want: >= 2.1.2 < 3.0.0
259 timing idealTree:node_modules/iconv-lite Completed in 1ms
260 timing idealTree:node_modules/inherits Completed in 0ms
261 silly placeDep ROOT jws@3.2.2 OK for: jsonwebtoken@9.0.2 want: ^3.2.2
262 silly placeDep ROOT lodash.includes@4.3.0 OK for: jsonwebtoken@9.0.2 want: ^4.3.0
263 silly placeDep ROOT lodash.isboolean@3.0.3 OK for: jsonwebtoken@9.0.2 want: ^3.0.3
264 silly placeDep ROOT lodash.isinteger@4.0.4 OK for: jsonwebtoken@9.0.2 want: ^4.0.4
265 silly placeDep ROOT lodash.isnumber@3.0.3 OK for: jsonwebtoken@9.0.2 want: ^3.0.3
266 silly placeDep ROOT lodash.isplainobject@4.0.6 OK for: jsonwebtoken@9.0.2 want: ^4.0.6
267 silly placeDep ROOT lodash.isstring@4.0.1 OK for: jsonwebtoken@9.0.2 want: ^4.0.1
268 silly placeDep ROOT lodash.once@4.1.1 OK for: jsonwebtoken@9.0.2 want: ^4.0.0
269 silly placeDep ROOT semver@7.7.2 OK for: jsonwebtoken@9.0.2 want: ^7.5.4
270 silly fetch manifest jwa@^1.4.1
271 http fetch GET 200 https://registry.npmjs.org/jwa 28ms (cache miss)
272 timing idealTree:node_modules/jsonwebtoken Completed in 40ms
273 silly placeDep ROOT jwa@1.4.2 OK for: jws@3.2.2 want: ^1.4.1
274 silly fetch manifest ecdsa-sig-formatter@1.0.11
275 silly fetch manifest buffer-equal-constant-time@^1.0.1
276 http fetch GET 200 https://registry.npmjs.org/ecdsa-sig-formatter 26ms (cache miss)
277 http fetch GET 200 https://registry.npmjs.org/buffer-equal-constant-time 29ms (cache miss)
278 timing idealTree:node_modules/jws Completed in 33ms
279 silly placeDep ROOT buffer-equal-constant-time@1.0.1 OK for: jwa@1.4.2 want: ^1.0.1
280 silly placeDep ROOT ecdsa-sig-formatter@1.0.11 OK for: jwa@1.4.2 want: 1.0.11
281 timing idealTree:node_modules/jwa Completed in 2ms
282 timing idealTree:node_modules/buffer-equal-constant-time Completed in 0ms
283 timing idealTree:node_modules/ecdsa-sig-formatter Completed in 0ms
284 timing idealTree:node_modules/lodash.includes Completed in 0ms
285 timing idealTree:node_modules/lodash.isboolean Completed in 0ms
286 timing idealTree:node_modules/lodash.isinteger Completed in 0ms
287 timing idealTree:node_modules/lodash.isnumber Completed in 0ms
288 timing idealTree:node_modules/lodash.isplainobject Completed in 0ms
289 timing idealTree:node_modules/lodash.isstring Completed in 0ms
290 timing idealTree:node_modules/lodash.once Completed in 0ms
291 timing idealTree:node_modules/merge-descriptors Completed in 0ms
292 silly placeDep ROOT mime-db@1.54.0 OK for: mime-types@3.0.1 want: ^1.54.0
293 timing idealTree:node_modules/mime-types Completed in 1ms
294 timing idealTree:node_modules/mime-db Completed in 0ms
295 timing idealTree:node_modules/ms Completed in 0ms
296 silly placeDep ROOT aws-ssl-profiles@1.1.2 OK for: mysql2@3.14.5 want: ^1.1.1
297 silly placeDep ROOT denque@2.1.0 OK for: mysql2@3.14.5 want: ^2.1.0
298 silly placeDep ROOT generate-function@2.3.1 OK for: mysql2@3.14.5 want: ^2.3.1
299 silly placeDep node_modules/mysql2 iconv-lite@0.7.0 OK for: mysql2@3.14.5 want: ^0.7.0
300 silly placeDep ROOT long@5.3.2 OK for: mysql2@3.14.5 want: ^5.2.1
301 silly placeDep ROOT lru.min@1.1.2 OK for: mysql2@3.14.5 want: ^1.0.0
302 silly placeDep ROOT named-placeholders@1.1.3 OK for: mysql2@3.14.5 want: ^1.1.3
303 silly placeDep ROOT seq-queue@0.0.5 OK for: mysql2@3.14.5 want: ^0.0.5
304 silly placeDep ROOT sqlstring@2.3.3 OK for: mysql2@3.14.5 want: ^2.3.2
305 silly fetch manifest is-property@^1.0.2
306 silly fetch manifest lru-cache@^7.14.1
307 http fetch GET 200 https://registry.npmjs.org/is-property 30ms (cache miss)
308 http fetch GET 200 https://registry.npmjs.org/lru-cache 32ms (cache revalidated)
309 timing idealTree:node_modules/mysql2 Completed in 48ms
310 timing idealTree:node_modules/aws-ssl-profiles Completed in 0ms
311 timing idealTree:node_modules/denque Completed in 0ms
312 silly placeDep ROOT is-property@1.0.2 OK for: generate-function@2.3.1 want: ^1.0.2
313 timing idealTree:node_modules/generate-function Completed in 1ms
314 timing idealTree:node_modules/is-property Completed in 0ms
315 timing idealTree:node_modules/long Completed in 0ms
316 timing idealTree:node_modules/lru.min Completed in 0ms
317 silly placeDep ROOT lru-cache@7.18.3 OK for: named-placeholders@1.1.3 want: ^7.14.1
318 timing idealTree:node_modules/named-placeholders Completed in 2ms
319 timing idealTree:node_modules/lru-cache Completed in 0ms
320 timing idealTree:node_modules/negotiator Completed in 0ms
321 timing idealTree:node_modules/node-addon-api Completed in 0ms
322 timing idealTree:node_modules/node-gyp-build Completed in 0ms
323 timing idealTree:node_modules/object-assign Completed in 0ms
324 silly placeDep ROOT ee-first@1.1.1 OK for: on-finished@2.4.1 want: 1.1.1
325 timing idealTree:node_modules/on-finished Completed in 1ms
326 timing idealTree:node_modules/ee-first Completed in 0ms
327 silly placeDep ROOT wrappy@1.0.2 OK for: once@1.4.0 want: 1
328 timing idealTree:node_modules/once Completed in 1ms
329 timing idealTree:node_modules/parseurl Completed in 0ms
330 silly placeDep ROOT forwarded@0.2.0 OK for: proxy-addr@2.0.7 want: 0.2.0
331 silly placeDep ROOT ipaddr.js@1.9.1 OK for: proxy-addr@2.0.7 want: 1.9.1
332 timing idealTree:node_modules/proxy-addr Completed in 2ms
333 timing idealTree:node_modules/forwarded Completed in 0ms
334 timing idealTree:node_modules/ipaddr.js Completed in 0ms
335 silly placeDep ROOT side-channel@1.1.0 OK for: qs@6.14.0 want: ^1.1.0
336 silly fetch manifest es-errors@^1.3.0
337 silly fetch manifest object-inspect@^1.13.3
338 silly fetch manifest side-channel-list@^1.0.0
339 silly fetch manifest side-channel-map@^1.0.1
340 silly fetch manifest side-channel-weakmap@^1.0.2
341 http fetch GET 200 https://registry.npmjs.org/side-channel-map 42ms (cache revalidated)
342 http fetch GET 200 https://registry.npmjs.org/es-errors 45ms (cache revalidated)
343 http fetch GET 200 https://registry.npmjs.org/object-inspect 44ms (cache revalidated)
344 http fetch GET 200 https://registry.npmjs.org/side-channel-weakmap 45ms (cache revalidated)
345 http fetch GET 200 https://registry.npmjs.org/side-channel-list 49ms (cache revalidated)
346 timing idealTree:node_modules/qs Completed in 53ms
347 timing idealTree:node_modules/range-parser Completed in 0ms
348 silly placeDep node_modules/raw-body iconv-lite@0.7.0 OK for: raw-body@3.0.1 want: 0.7.0
349 silly placeDep ROOT unpipe@1.0.0 OK for: raw-body@3.0.1 want: 1.0.0
350 timing idealTree:node_modules/raw-body Completed in 4ms
351 silly placeDep ROOT is-promise@4.0.0 OK for: router@2.2.0 want: ^4.0.0
352 silly placeDep ROOT path-to-regexp@8.3.0 OK for: router@2.2.0 want: ^8.0.0
353 timing idealTree:node_modules/router Completed in 3ms
354 timing idealTree:node_modules/is-promise Completed in 0ms
355 timing idealTree:node_modules/path-to-regexp Completed in 0ms
356 timing idealTree:node_modules/safe-buffer Completed in 0ms
357 timing idealTree:node_modules/safer-buffer Completed in 0ms
358 timing idealTree:node_modules/semver Completed in 0ms
359 timing idealTree:node_modules/send Completed in 0ms
360 timing idealTree:node_modules/seq-queue Completed in 0ms
361 timing idealTree:node_modules/serve-static Completed in 0ms
362 timing idealTree:node_modules/setprototypeof Completed in 0ms
363 silly placeDep ROOT es-errors@1.3.0 OK for: side-channel@1.1.0 want: ^1.3.0
364 silly placeDep ROOT object-inspect@1.13.4 OK for: side-channel@1.1.0 want: ^1.13.3
365 silly placeDep ROOT side-channel-list@1.0.0 OK for: side-channel@1.1.0 want: ^1.0.0
366 silly placeDep ROOT side-channel-map@1.0.1 OK for: side-channel@1.1.0 want: ^1.0.1
367 silly placeDep ROOT side-channel-weakmap@1.0.2 OK for: side-channel@1.1.0 want: ^1.0.2
368 silly fetch manifest call-bound@^1.0.2
369 silly fetch manifest get-intrinsic@^1.2.5
370 http fetch GET 200 https://registry.npmjs.org/get-intrinsic 36ms (cache revalidated)
371 http fetch GET 200 https://registry.npmjs.org/call-bound 38ms (cache revalidated)
372 timing idealTree:node_modules/side-channel Completed in 51ms
373 timing idealTree:node_modules/es-errors Completed in 0ms
374 timing idealTree:node_modules/object-inspect Completed in 0ms
375 timing idealTree:node_modules/side-channel-list Completed in 0ms
376 silly placeDep ROOT call-bound@1.0.4 OK for: side-channel-map@1.0.1 want: ^1.0.2
377 silly placeDep ROOT get-intrinsic@1.3.0 OK for: side-channel-map@1.0.1 want: ^1.2.5
378 silly fetch manifest call-bind-apply-helpers@^1.0.2
379 silly fetch manifest es-define-property@^1.0.1
380 silly fetch manifest es-object-atoms@^1.1.1
381 silly fetch manifest function-bind@^1.1.2
382 silly fetch manifest get-proto@^1.0.1
383 silly fetch manifest gopd@^1.2.0
384 silly fetch manifest has-symbols@^1.1.0
385 silly fetch manifest hasown@^2.0.2
386 silly fetch manifest math-intrinsics@^1.1.0
387 http fetch GET 200 https://registry.npmjs.org/es-object-atoms 49ms (cache revalidated)
388 http fetch GET 200 https://registry.npmjs.org/es-define-property 51ms (cache revalidated)
389 http fetch GET 200 https://registry.npmjs.org/call-bind-apply-helpers 54ms (cache revalidated)
390 http fetch GET 200 https://registry.npmjs.org/has-symbols 60ms (cache revalidated)
391 http fetch GET 200 https://registry.npmjs.org/hasown 58ms (cache revalidated)
392 http fetch GET 200 https://registry.npmjs.org/get-proto 63ms (cache revalidated)
393 http fetch GET 200 https://registry.npmjs.org/math-intrinsics 59ms (cache revalidated)
394 http fetch GET 200 https://registry.npmjs.org/function-bind 68ms (cache revalidated)
395 http fetch GET 200 https://registry.npmjs.org/gopd 66ms (cache revalidated)
396 timing idealTree:node_modules/side-channel-map Completed in 81ms
397 silly placeDep ROOT call-bind-apply-helpers@1.0.2 OK for: call-bound@1.0.4 want: ^1.0.2
398 timing idealTree:node_modules/call-bound Completed in 1ms
399 silly placeDep ROOT function-bind@1.1.2 OK for: call-bind-apply-helpers@1.0.2 want: ^1.1.2
400 timing idealTree:node_modules/call-bind-apply-helpers Completed in 2ms
401 timing idealTree:node_modules/function-bind Completed in 0ms
402 silly placeDep ROOT es-define-property@1.0.1 OK for: get-intrinsic@1.3.0 want: ^1.0.1
403 silly placeDep ROOT es-object-atoms@1.1.1 OK for: get-intrinsic@1.3.0 want: ^1.1.1
404 silly placeDep ROOT get-proto@1.0.1 OK for: get-intrinsic@1.3.0 want: ^1.0.1
405 silly placeDep ROOT gopd@1.2.0 OK for: get-intrinsic@1.3.0 want: ^1.2.0
406 silly placeDep ROOT has-symbols@1.1.0 OK for: get-intrinsic@1.3.0 want: ^1.1.0
407 silly placeDep ROOT hasown@2.0.2 OK for: get-intrinsic@1.3.0 want: ^2.0.2
408 silly placeDep ROOT math-intrinsics@1.1.0 OK for: get-intrinsic@1.3.0 want: ^1.1.0
409 silly fetch manifest dunder-proto@^1.0.1
410 http fetch GET 200 https://registry.npmjs.org/dunder-proto 25ms (cache revalidated)
411 timing idealTree:node_modules/get-intrinsic Completed in 36ms
412 timing idealTree:node_modules/es-define-property Completed in 0ms
413 timing idealTree:node_modules/es-object-atoms Completed in 1ms
414 silly placeDep ROOT dunder-proto@1.0.1 OK for: get-proto@1.0.1 want: ^1.0.1
415 timing idealTree:node_modules/get-proto Completed in 1ms
416 timing idealTree:node_modules/dunder-proto Completed in 0ms
417 timing idealTree:node_modules/gopd Completed in 0ms
418 timing idealTree:node_modules/has-symbols Completed in 0ms
419 timing idealTree:node_modules/hasown Completed in 0ms
420 timing idealTree:node_modules/math-intrinsics Completed in 0ms
421 timing idealTree:node_modules/side-channel-weakmap Completed in 0ms
422 timing idealTree:node_modules/sqlstring Completed in 0ms
423 timing idealTree:node_modules/statuses Completed in 0ms
424 timing idealTree:node_modules/toidentifier Completed in 0ms
425 silly placeDep ROOT media-typer@1.1.0 OK for: type-is@2.0.1 want: ^1.1.0
426 timing idealTree:node_modules/type-is Completed in 3ms
427 timing idealTree:node_modules/media-typer Completed in 0ms
428 timing idealTree:node_modules/unpipe Completed in 0ms
429 timing idealTree:node_modules/vary Completed in 0ms
430 timing idealTree:node_modules/wrappy Completed in 0ms
431 timing idealTree:node_modules/http-errors/node_modules/statuses Completed in 0ms
432 timing idealTree:node_modules/mysql2/node_modules/iconv-lite Completed in 0ms
433 timing idealTree:node_modules/raw-body/node_modules/iconv-lite Completed in 0ms
434 timing idealTree:buildDeps Completed in 1846ms
435 timing idealTree:fixDepFlags Completed in 4ms
436 timing idealTree Completed in 1875ms
437 timing reify:loadTrees Completed in 1876ms
438 timing reify:diffTrees Completed in 7ms
439 silly reify moves {}
440 timing reify:retireShallow Completed in 3ms
441 timing reify:createSparse Completed in 10ms
442 timing reify:loadBundles Completed in 0ms
443 silly tarball no local data for negotiator@https://registry.npmjs.org/negotiator/-/negotiator-1.0.0.tgz. Extracting by manifest.
444 silly tarball no local data for type-is@https://registry.npmjs.org/type-is/-/type-is-2.0.1.tgz. Extracting by manifest.
445 silly tarball no local data for statuses@https://registry.npmjs.org/statuses/-/statuses-2.0.2.tgz. Extracting by manifest.
446 silly tarball no local data for serve-static@https://registry.npmjs.org/serve-static/-/serve-static-2.2.0.tgz. Extracting by manifest.
447 silly tarball no local data for send@https://registry.npmjs.org/send/-/send-1.2.0.tgz. Extracting by manifest.
448 silly tarball no local data for router@https://registry.npmjs.org/router/-/router-2.2.0.tgz. Extracting by manifest.
449 silly tarball no local data for qs@https://registry.npmjs.org/qs/-/qs-6.14.0.tgz. Extracting by manifest.
450 silly tarball no local data for mime-types@https://registry.npmjs.org/mime-types/-/mime-types-3.0.1.tgz. Extracting by manifest.
451 silly tarball no local data for merge-descriptors@https://registry.npmjs.org/merge-descriptors/-/merge-descriptors-2.0.0.tgz. Extracting by manifest.
452 silly tarball no local data for media-typer@https://registry.npmjs.org/media-typer/-/media-typer-1.1.0.tgz. Extracting by manifest.
453 silly tarball no local data for path-to-regexp@https://registry.npmjs.org/path-to-regexp/-/path-to-regexp-8.3.0.tgz. Extracting by manifest.
454 silly tarball no local data for is-promise@https://registry.npmjs.org/is-promise/-/is-promise-4.0.0.tgz. Extracting by manifest.
455 silly tarball no local data for lru-cache@https://registry.npmjs.org/lru-cache/-/lru-cache-7.18.3.tgz. Extracting by manifest.
456 silly tarball no local data for is-property@https://registry.npmjs.org/is-property/-/is-property-1.0.2.tgz. Extracting by manifest.
457 silly tarball no local data for sqlstring@https://registry.npmjs.org/sqlstring/-/sqlstring-2.3.3.tgz. Extracting by manifest.
458 silly tarball no local data for seq-queue@https://registry.npmjs.org/seq-queue/-/seq-queue-0.0.5.tgz. Extracting by manifest.
459 silly tarball no local data for named-placeholders@https://registry.npmjs.org/named-placeholders/-/named-placeholders-1.1.3.tgz. Extracting by manifest.
460 silly tarball no local data for lru.min@https://registry.npmjs.org/lru.min/-/lru.min-1.1.2.tgz. Extracting by manifest.
461 silly tarball no local data for long@https://registry.npmjs.org/long/-/long-5.3.2.tgz. Extracting by manifest.
462 silly tarball no local data for generate-function@https://registry.npmjs.org/generate-function/-/generate-function-2.3.1.tgz. Extracting by manifest.
463 silly tarball no local data for denque@https://registry.npmjs.org/denque/-/denque-2.1.0.tgz. Extracting by manifest.
464 silly tarball no local data for aws-ssl-profiles@https://registry.npmjs.org/aws-ssl-profiles/-/aws-ssl-profiles-1.1.2.tgz. Extracting by manifest.
465 silly tarball no local data for mime-db@https://registry.npmjs.org/mime-db/-/mime-db-1.54.0.tgz. Extracting by manifest.
466 silly tarball no local data for ecdsa-sig-formatter@https://registry.npmjs.org/ecdsa-sig-formatter/-/ecdsa-sig-formatter-1.0.11.tgz. Extracting by manifest.
467 silly tarball no local data for buffer-equal-constant-time@https://registry.npmjs.org/buffer-equal-constant-time/-/buffer-equal-constant-time-1.0.1.tgz. Extracting by manifest.
468 silly tarball no local data for jwa@https://registry.npmjs.org/jwa/-/jwa-1.4.2.tgz. Extracting by manifest.
469 silly tarball no local data for lodash.once@https://registry.npmjs.org/lodash.once/-/lodash.once-4.1.1.tgz. Extracting by manifest.
470 silly tarball no local data for lodash.isstring@https://registry.npmjs.org/lodash.isstring/-/lodash.isstring-4.0.1.tgz. Extracting by manifest.
471 silly tarball no local data for lodash.isplainobject@https://registry.npmjs.org/lodash.isplainobject/-/lodash.isplainobject-4.0.6.tgz. Extracting by manifest.
472 silly tarball no local data for lodash.isnumber@https://registry.npmjs.org/lodash.isnumber/-/lodash.isnumber-3.0.3.tgz. Extracting by manifest.
473 silly tarball no local data for lodash.isinteger@https://registry.npmjs.org/lodash.isinteger/-/lodash.isinteger-4.0.4.tgz. Extracting by manifest.
474 silly tarball no local data for lodash.isboolean@https://registry.npmjs.org/lodash.isboolean/-/lodash.isboolean-3.0.3.tgz. Extracting by manifest.
475 silly tarball no local data for lodash.includes@https://registry.npmjs.org/lodash.includes/-/lodash.includes-4.3.0.tgz. Extracting by manifest.
476 silly tarball no local data for jws@https://registry.npmjs.org/jws/-/jws-3.2.2.tgz. Extracting by manifest.
477 silly tarball no local data for raw-body@https://registry.npmjs.org/raw-body/-/raw-body-3.0.1.tgz. Extracting by manifest.
478 silly tarball no local data for fresh@https://registry.npmjs.org/fresh/-/fresh-2.0.0.tgz. Extracting by manifest.
479 silly tarball no local data for finalhandler@https://registry.npmjs.org/finalhandler/-/finalhandler-2.1.0.tgz. Extracting by manifest.
480 silly tarball no local data for cookie-signature@https://registry.npmjs.org/cookie-signature/-/cookie-signature-1.2.2.tgz. Extracting by manifest.
481 silly tarball no local data for cookie@https://registry.npmjs.org/cookie/-/cookie-0.7.2.tgz. Extracting by manifest.
482 silly tarball no local data for content-disposition@https://registry.npmjs.org/content-disposition/-/content-disposition-1.0.0.tgz. Extracting by manifest.
483 silly tarball no local data for body-parser@https://registry.npmjs.org/body-parser/-/body-parser-2.2.0.tgz. Extracting by manifest.
484 silly tarball no local data for accepts@https://registry.npmjs.org/accepts/-/accepts-2.0.0.tgz. Extracting by manifest.
485 silly tarball no local data for node-gyp-build@https://registry.npmjs.org/node-gyp-build/-/node-gyp-build-4.8.4.tgz. Extracting by manifest.
486 silly tarball no local data for node-addon-api@https://registry.npmjs.org/node-addon-api/-/node-addon-api-8.5.0.tgz. Extracting by manifest.
487 silly tarball no local data for mysql2@https://registry.npmjs.org/mysql2/-/mysql2-3.14.5.tgz. Extracting by manifest.
488 silly tarball no local data for jsonwebtoken@https://registry.npmjs.org/jsonwebtoken/-/jsonwebtoken-9.0.2.tgz. Extracting by manifest.
489 silly tarball no local data for express@https://registry.npmjs.org/express/-/express-5.1.0.tgz. Extracting by manifest.
490 silly tarball no local data for cors@https://registry.npmjs.org/cors/-/cors-2.8.5.tgz. Extracting by manifest.
491 silly tarball no local data for bcrypt@https://registry.npmjs.org/bcrypt/-/bcrypt-6.0.0.tgz. Extracting by manifest.
492 silly tarball no local data for iconv-lite@https://registry.npmjs.org/iconv-lite/-/iconv-lite-0.7.0.tgz. Extracting by manifest.
493 silly tarball no local data for iconv-lite@https://registry.npmjs.org/iconv-lite/-/iconv-lite-0.7.0.tgz. Extracting by manifest.
494 timing reifyNode:node_modules/once Completed in 586ms
495 timing reifyNode:node_modules/wrappy Completed in 601ms
496 timing reifyNode:node_modules/ee-first Completed in 601ms
497 timing reifyNode:node_modules/ms Completed in 609ms
498 timing reifyNode:node_modules/escape-html Completed in 609ms
499 timing reifyNode:node_modules/encodeurl Completed in 609ms
500 timing reifyNode:node_modules/object-assign Completed in 608ms
501 timing reifyNode:node_modules/bytes Completed in 610ms
502 timing reifyNode:node_modules/range-parser Completed in 609ms
503 timing reifyNode:node_modules/parseurl Completed in 612ms
504 timing reifyNode:node_modules/http-errors Completed in 619ms
505 timing reifyNode:node_modules/unpipe Completed in 627ms
506 timing reifyNode:node_modules/forwarded Completed in 628ms
507 timing reifyNode:node_modules/toidentifier Completed in 626ms
508 timing reifyNode:node_modules/inherits Completed in 626ms
509 timing reifyNode:node_modules/etag Completed in 626ms
510 timing reifyNode:node_modules/proxy-addr Completed in 626ms
511 timing reifyNode:node_modules/vary Completed in 625ms
512 timing reifyNode:node_modules/on-finished Completed in 626ms
513 timing reifyNode:node_modules/content-type Completed in 627ms
514 timing reifyNode:node_modules/setprototypeof Completed in 650ms
515 http fetch GET 200 https://registry.npmjs.org/send/-/send-1.2.0.tgz 603ms (cache miss)
516 timing reifyNode:node_modules/http-errors/node_modules/statuses Completed in 659ms
517 timing reifyNode:node_modules/safe-buffer Completed in 664ms
518 http fetch GET 200 https://registry.npmjs.org/merge-descriptors/-/merge-descriptors-2.0.0.tgz 602ms (cache miss)
519 timing reifyNode:node_modules/merge-descriptors Completed in 664ms
520 http fetch GET 200 https://registry.npmjs.org/is-promise/-/is-promise-4.0.0.tgz 597ms (cache miss)
521 timing reifyNode:node_modules/is-promise Completed in 670ms
522 http fetch GET 200 https://registry.npmjs.org/seq-queue/-/seq-queue-0.0.5.tgz 593ms (cache miss)
523 timing reifyNode:node_modules/debug Completed in 674ms
524 timing reifyNode:node_modules/safer-buffer Completed in 685ms
525 timing reifyNode:node_modules/depd Completed in 686ms
526 timing reifyNode:node_modules/send Completed in 690ms
527 http fetch GET 200 https://registry.npmjs.org/statuses/-/statuses-2.0.2.tgz 647ms (cache miss)
528 http fetch GET 200 https://registry.npmjs.org/media-typer/-/media-typer-1.1.0.tgz 628ms (cache miss)
529 timing reifyNode:node_modules/media-typer Completed in 699ms
530 http fetch GET 200 https://registry.npmjs.org/is-property/-/is-property-1.0.2.tgz 624ms (cache miss)
531 timing reifyNode:node_modules/is-property Completed in 699ms
532 http fetch GET 200 https://registry.npmjs.org/lodash.isnumber/-/lodash.isnumber-3.0.3.tgz 591ms (cache miss)
533 timing reifyNode:node_modules/lodash.isnumber Completed in 698ms
534 http fetch GET 200 https://registry.npmjs.org/generate-function/-/generate-function-2.3.1.tgz 620ms (cache miss)
535 timing reifyNode:node_modules/generate-function Completed in 703ms
536 timing reifyNode:node_modules/hasown Completed in 705ms
537 timing reifyNode:node_modules/ipaddr.js Completed in 706ms
538 timing reifyNode:node_modules/statuses Completed in 707ms
539 http fetch GET 200 https://registry.npmjs.org/type-is/-/type-is-2.0.1.tgz 662ms (cache miss)
540 timing reifyNode:node_modules/type-is Completed in 707ms
541 http fetch GET 200 https://registry.npmjs.org/lodash.isboolean/-/lodash.isboolean-3.0.3.tgz 600ms (cache miss)
542 timing reifyNode:node_modules/lodash.isboolean Completed in 709ms
543 http fetch GET 200 https://registry.npmjs.org/fresh/-/fresh-2.0.0.tgz 596ms (cache miss)
544 timing reifyNode:node_modules/fresh Completed in 709ms
545 http fetch GET 200 https://registry.npmjs.org/lodash.includes/-/lodash.includes-4.3.0.tgz 600ms (cache miss)
546 timing reifyNode:node_modules/lodash.includes Completed in 710ms
547 http fetch GET 200 https://registry.npmjs.org/named-placeholders/-/named-placeholders-1.1.3.tgz 635ms (cache miss)
548 timing reifyNode:node_modules/named-placeholders Completed in 713ms
549 http fetch GET 200 https://registry.npmjs.org/buffer-equal-constant-time/-/buffer-equal-constant-time-1.0.1.tgz 626ms (cache miss)
550 timing reifyNode:node_modules/buffer-equal-constant-time Completed in 715ms
551 http fetch GET 200 https://registry.npmjs.org/accepts/-/accepts-2.0.0.tgz 593ms (cache miss)
552 timing reifyNode:node_modules/accepts Completed in 713ms
553 http fetch GET 200 https://registry.npmjs.org/lodash.isplainobject/-/lodash.isplainobject-4.0.6.tgz 614ms (cache miss)
554 timing reifyNode:node_modules/lodash.isplainobject Completed in 717ms
555 http fetch GET 200 https://registry.npmjs.org/lodash.isstring/-/lodash.isstring-4.0.1.tgz 615ms (cache miss)
556 timing reifyNode:node_modules/lodash.isstring Completed in 719ms
557 http fetch GET 200 https://registry.npmjs.org/lodash.isinteger/-/lodash.isinteger-4.0.4.tgz 609ms (cache miss)
558 timing reifyNode:node_modules/lodash.isinteger Completed in 717ms
559 http fetch GET 200 https://registry.npmjs.org/raw-body/-/raw-body-3.0.1.tgz 605ms (cache miss)
560 http fetch GET 200 https://registry.npmjs.org/denque/-/denque-2.1.0.tgz 639ms (cache miss)
561 timing reifyNode:node_modules/denque Completed in 723ms
562 http fetch GET 200 https://registry.npmjs.org/lodash.once/-/lodash.once-4.1.1.tgz 633ms (cache miss)
563 timing reifyNode:node_modules/lodash.once Completed in 723ms
564 http fetch GET 200 https://registry.npmjs.org/jwa/-/jwa-1.4.2.tgz 634ms (cache miss)
565 timing reifyNode:node_modules/jwa Completed in 723ms
566 timing reifyNode:node_modules/call-bound Completed in 725ms
567 http fetch GET 200 https://registry.npmjs.org/node-gyp-build/-/node-gyp-build-4.8.4.tgz 590ms (cache miss)
568 http fetch GET 200 https://registry.npmjs.org/finalhandler/-/finalhandler-2.1.0.tgz 610ms (cache miss)
569 timing reifyNode:node_modules/finalhandler Completed in 724ms
570 timing reifyNode:node_modules/side-channel-weakmap Completed in 731ms
571 http fetch GET 200 https://registry.npmjs.org/cookie-signature/-/cookie-signature-1.2.2.tgz 614ms (cache miss)
572 timing reifyNode:node_modules/cookie-signature Completed in 728ms
573 timing reifyNode:node_modules/raw-body Completed in 732ms
574 timing reifyNode:node_modules/seq-queue Completed in 734ms
575 timing reifyNode:node_modules/es-define-property Completed in 737ms
576 timing reifyNode:node_modules/side-channel-list Completed in 736ms
577 http fetch GET 200 https://registry.npmjs.org/ecdsa-sig-formatter/-/ecdsa-sig-formatter-1.0.11.tgz 649ms (cache miss)
578 timing reifyNode:node_modules/ecdsa-sig-formatter Completed in 737ms
579 http fetch GET 200 https://registry.npmjs.org/cors/-/cors-2.8.5.tgz 569ms (cache miss)
580 timing reifyNode:node_modules/node-gyp-build Completed in 733ms
581 timing reifyNode:node_modules/cors Completed in 733ms
582 http fetch GET 200 https://registry.npmjs.org/content-disposition/-/content-disposition-1.0.0.tgz 616ms (cache miss)
583 timing reifyNode:node_modules/content-disposition Completed in 734ms
584 http fetch GET 200 https://registry.npmjs.org/jws/-/jws-3.2.2.tgz 625ms (cache miss)
585 timing reifyNode:node_modules/gopd Completed in 739ms
586 timing reifyNode:node_modules/side-channel-map Completed in 738ms
587 timing reifyNode:node_modules/side-channel Completed in 741ms
588 http fetch GET 200 https://registry.npmjs.org/serve-static/-/serve-static-2.2.0.tgz 692ms (cache miss)
589 timing reifyNode:node_modules/serve-static Completed in 739ms
590 http fetch GET 200 https://registry.npmjs.org/mime-types/-/mime-types-3.0.1.tgz 679ms (cache miss)
591 timing reifyNode:node_modules/mime-types Completed in 739ms
592 timing reifyNode:node_modules/jws Completed in 741ms
593 timing reifyNode:node_modules/get-intrinsic Completed in 745ms
594 timing reifyNode:node_modules/dunder-proto Completed in 747ms
595 http fetch GET 200 https://registry.npmjs.org/cookie/-/cookie-0.7.2.tgz 629ms (cache miss)
596 timing reifyNode:node_modules/cookie Completed in 744ms
597 timing reifyNode:node_modules/es-object-atoms Completed in 752ms
598 timing reifyNode:node_modules/function-bind Completed in 753ms
599 http fetch GET 200 https://registry.npmjs.org/sqlstring/-/sqlstring-2.3.3.tgz 677ms (cache miss)
600 timing reifyNode:node_modules/sqlstring Completed in 753ms
601 timing reifyNode:node_modules/get-proto Completed in 755ms
602 http fetch GET 200 https://registry.npmjs.org/negotiator/-/negotiator-1.0.0.tgz 712ms (cache miss)
603 timing reifyNode:node_modules/negotiator Completed in 757ms
604 http fetch GET 200 https://registry.npmjs.org/lru.min/-/lru.min-1.1.2.tgz 682ms (cache miss)
605 timing reifyNode:node_modules/lru.min Completed in 762ms
606 timing reifyNode:node_modules/has-symbols Completed in 767ms
607 http fetch GET 200 https://registry.npmjs.org/path-to-regexp/-/path-to-regexp-8.3.0.tgz 698ms (cache miss)
608 timing reifyNode:node_modules/path-to-regexp Completed in 769ms
609 timing reifyNode:node_modules/call-bind-apply-helpers Completed in 781ms
610 http fetch GET 200 https://registry.npmjs.org/router/-/router-2.2.0.tgz 723ms (cache miss)
611 timing reifyNode:node_modules/router Completed in 780ms
612 timing reifyNode:node_modules/es-errors Completed in 786ms
613 http fetch GET 200 https://registry.npmjs.org/long/-/long-5.3.2.tgz 708ms (cache miss)
614 http fetch GET 200 https://registry.npmjs.org/body-parser/-/body-parser-2.2.0.tgz 671ms (cache miss)
615 timing reifyNode:node_modules/body-parser Completed in 790ms
616 timing reifyNode:node_modules/long Completed in 794ms
617 http fetch GET 200 https://registry.npmjs.org/mime-db/-/mime-db-1.54.0.tgz 718ms (cache miss)
618 timing reifyNode:node_modules/mime-db Completed in 804ms
619 http fetch GET 200 https://registry.npmjs.org/jsonwebtoken/-/jsonwebtoken-9.0.2.tgz 647ms (cache miss)
620 timing reifyNode:node_modules/jsonwebtoken Completed in 800ms
621 http fetch GET 200 https://registry.npmjs.org/lru-cache/-/lru-cache-7.18.3.tgz 742ms (cache miss)
622 timing reifyNode:node_modules/lru-cache Completed in 816ms
623 timing reifyNode:node_modules/math-intrinsics Completed in 826ms
624 timing reifyNode:node_modules/object-inspect Completed in 839ms
625 http fetch GET 200 https://registry.npmjs.org/express/-/express-5.1.0.tgz 686ms (cache miss)
626 timing reifyNode:node_modules/express Completed in 844ms
627 http fetch GET 200 https://registry.npmjs.org/aws-ssl-profiles/-/aws-ssl-profiles-1.1.2.tgz 780ms (cache miss)
628 timing reifyNode:node_modules/aws-ssl-profiles Completed in 870ms
629 http fetch GET 200 https://registry.npmjs.org/qs/-/qs-6.14.0.tgz 812ms (cache miss)
630 timing reifyNode:node_modules/qs Completed in 870ms
631 timing reifyNode:node_modules/semver Completed in 877ms
632 http fetch GET 200 https://registry.npmjs.org/node-addon-api/-/node-addon-api-8.5.0.tgz 743ms (cache miss)
633 timing reifyNode:node_modules/node-addon-api Completed in 875ms
634 timing reifyNode:node_modules/iconv-lite Completed in 882ms
635 http fetch GET 200 https://registry.npmjs.org/iconv-lite/-/iconv-lite-0.7.0.tgz 680ms (cache miss)
636 http fetch GET 200 https://registry.npmjs.org/iconv-lite/-/iconv-lite-0.7.0.tgz 720ms (cache miss)
637 timing reifyNode:node_modules/mysql2/node_modules/iconv-lite Completed in 898ms
638 timing reifyNode:node_modules/raw-body/node_modules/iconv-lite Completed in 900ms
639 http fetch GET 200 https://registry.npmjs.org/bcrypt/-/bcrypt-6.0.0.tgz 765ms (cache miss)
640 timing reifyNode:node_modules/bcrypt Completed in 940ms
641 http fetch GET 200 https://registry.npmjs.org/mysql2/-/mysql2-3.14.5.tgz 816ms (cache miss)
642 timing reifyNode:node_modules/mysql2 Completed in 949ms
643 timing reify:unpack Completed in 954ms
644 timing reify:unretire Completed in 0ms
645 timing build:queue Completed in 5ms
646 timing build:link:node_modules/node-gyp-build Completed in 7ms
647 timing build:link:node_modules/semver Completed in 3ms
648 timing build:link Completed in 7ms
649 info run bcrypt@6.0.0 install node_modules/bcrypt node-gyp-build
650 info run bcrypt@6.0.0 install { code: 0, signal: null }
651 timing build:run:install:node_modules/bcrypt Completed in 288ms
652 timing build:run:install Completed in 288ms
653 timing build:deps Completed in 302ms
654 timing build Completed in 303ms
655 timing reify:build Completed in 303ms
656 timing reify:trash Completed in 0ms
657 timing reify:save Completed in 50ms
658 timing reify Completed in 3250ms
659 silly ADD node_modules/media-typer
660 silly ADD node_modules/dunder-proto
661 silly ADD node_modules/math-intrinsics
662 silly ADD node_modules/hasown
663 silly ADD node_modules/has-symbols
664 silly ADD node_modules/gopd
665 silly ADD node_modules/get-proto
666 silly ADD node_modules/es-object-atoms
667 silly ADD node_modules/es-define-property
668 silly ADD node_modules/function-bind
669 silly ADD node_modules/call-bind-apply-helpers
670 silly ADD node_modules/get-intrinsic
671 silly ADD node_modules/call-bound
672 silly ADD node_modules/side-channel-weakmap
673 silly ADD node_modules/side-channel-map
674 silly ADD node_modules/side-channel-list
675 silly ADD node_modules/object-inspect
676 silly ADD node_modules/es-errors
677 silly ADD node_modules/path-to-regexp
678 silly ADD node_modules/is-promise
679 silly ADD node_modules/unpipe
680 silly ADD node_modules/side-channel
681 silly ADD node_modules/ipaddr.js
682 silly ADD node_modules/forwarded
683 silly ADD node_modules/wrappy
684 silly ADD node_modules/ee-first
685 silly ADD node_modules/lru-cache
686 silly ADD node_modules/is-property
687 silly ADD node_modules/sqlstring
688 silly ADD node_modules/seq-queue
689 silly ADD node_modules/named-placeholders
690 silly ADD node_modules/lru.min
691 silly ADD node_modules/long
692 silly ADD node_modules/generate-function
693 silly ADD node_modules/denque
694 silly ADD node_modules/aws-ssl-profiles
695 silly ADD node_modules/mime-db
696 silly ADD node_modules/ecdsa-sig-formatter
697 silly ADD node_modules/buffer-equal-constant-time
698 silly ADD node_modules/jwa
699 silly ADD node_modules/semver
700 silly ADD node_modules/lodash.once
701 silly ADD node_modules/lodash.isstring
702 silly ADD node_modules/lodash.isplainobject
703 silly ADD node_modules/lodash.isnumber
704 silly ADD node_modules/lodash.isinteger
705 silly ADD node_modules/lodash.isboolean
706 silly ADD node_modules/lodash.includes
707 silly ADD node_modules/jws
708 silly ADD node_modules/safer-buffer
709 silly ADD node_modules/toidentifier
710 silly ADD node_modules/setprototypeof
711 silly ADD node_modules/inherits
712 silly ADD node_modules/depd
713 silly ADD node_modules/ms
714 silly ADD node_modules/safe-buffer
715 silly ADD node_modules/raw-body
716 silly ADD node_modules/raw-body/node_modules/iconv-lite
717 silly ADD node_modules/iconv-lite
718 silly ADD node_modules/bytes
719 silly ADD node_modules/negotiator
720 silly ADD node_modules/type-is
721 silly ADD node_modules/statuses
722 silly ADD node_modules/serve-static
723 silly ADD node_modules/send
724 silly ADD node_modules/router
725 silly ADD node_modules/range-parser
726 silly ADD node_modules/qs
727 silly ADD node_modules/proxy-addr
728 silly ADD node_modules/parseurl
729 silly ADD node_modules/once
730 silly ADD node_modules/on-finished
731 silly ADD node_modules/mime-types
732 silly ADD node_modules/merge-descriptors
733 silly ADD node_modules/http-errors
734 silly ADD node_modules/http-errors/node_modules/statuses
735 silly ADD node_modules/fresh
736 silly ADD node_modules/finalhandler
737 silly ADD node_modules/etag
738 silly ADD node_modules/escape-html
739 silly ADD node_modules/encodeurl
740 silly ADD node_modules/debug
741 silly ADD node_modules/cookie-signature
742 silly ADD node_modules/cookie
743 silly ADD node_modules/content-type
744 silly ADD node_modules/content-disposition
745 silly ADD node_modules/body-parser
746 silly ADD node_modules/accepts
747 silly ADD node_modules/vary
748 silly ADD node_modules/object-assign
749 silly ADD node_modules/node-gyp-build
750 silly ADD node_modules/node-addon-api
751 silly ADD node_modules/mysql2
752 silly ADD node_modules/mysql2/node_modules/iconv-lite
753 silly ADD node_modules/jsonwebtoken
754 silly ADD node_modules/express
755 silly ADD node_modules/cors
756 silly ADD node_modules/bcrypt
757 timing command:install Completed in 3261ms
758 verbose exit 0
759 timing npm Completed in 3317ms
760 info ok
